Component: ARM Compiler 5.06 update 7 (build 960) Tool: armlink [4d3601]

==============================================================================

Section Cross References

    startup_stm32f407xx.o(STACK) refers (Special) to heapauxi.o(.text) for __use_two_region_memory
    startup_stm32f407xx.o(HEAP) refers (Special) to heapauxi.o(.text) for __use_two_region_memory
    startup_stm32f407xx.o(RESET) refers (Special) to heapauxi.o(.text) for __use_two_region_memory
    startup_stm32f407xx.o(RESET) refers to startup_stm32f407xx.o(STACK) for __initial_sp
    startup_stm32f407xx.o(RESET) refers to startup_stm32f407xx.o(.text) for Reset_Handler
    startup_stm32f407xx.o(RESET) refers to stm32f4xx_it.o(i.NMI_Handler) for NMI_Handler
    startup_stm32f407xx.o(RESET) refers to stm32f4xx_it.o(i.HardFault_Handler) for HardFault_Handler
    startup_stm32f407xx.o(RESET) refers to stm32f4xx_it.o(i.MemManage_Handler) for MemManage_Handler
    startup_stm32f407xx.o(RESET) refers to stm32f4xx_it.o(i.BusFault_Handler) for BusFault_Handler
    startup_stm32f407xx.o(RESET) refers to stm32f4xx_it.o(i.UsageFault_Handler) for UsageFault_Handler
    startup_stm32f407xx.o(RESET) refers to stm32f4xx_it.o(i.SVC_Handler) for SVC_Handler
    startup_stm32f407xx.o(RESET) refers to stm32f4xx_it.o(i.DebugMon_Handler) for DebugMon_Handler
    startup_stm32f407xx.o(RESET) refers to stm32f4xx_it.o(i.PendSV_Handler) for PendSV_Handler
    startup_stm32f407xx.o(RESET) refers to stm32f4xx_it.o(i.SysTick_Handler) for SysTick_Handler
    startup_stm32f407xx.o(RESET) refers to exti.o(i.EXTI0_IRQHandler) for EXTI0_IRQHandler
    startup_stm32f407xx.o(RESET) refers to stm32f4xx_it.o(i.DMA1_Stream5_IRQHandler) for DMA1_Stream5_IRQHandler
    startup_stm32f407xx.o(RESET) refers to main.o(i.TIM3_IRQHandler) for TIM3_IRQHandler
    startup_stm32f407xx.o(RESET) refers to tim4config.o(i.TIM4_IRQHandler) for TIM4_IRQHandler
    startup_stm32f407xx.o(RESET) refers to stm32f4xx_it.o(i.USART2_IRQHandler) for USART2_IRQHandler
    startup_stm32f407xx.o(.text) refers (Special) to heapauxi.o(.text) for __use_two_region_memory
    startup_stm32f407xx.o(.text) refers to system_stm32f4xx.o(i.SystemInit) for SystemInit
    startup_stm32f407xx.o(.text) refers to __main.o(!!!main) for __main
    startup_stm32f407xx.o(.text) refers to startup_stm32f407xx.o(HEAP) for Heap_Mem
    startup_stm32f407xx.o(.text) refers to startup_stm32f407xx.o(STACK) for Stack_Mem
    main.o(i.HAL_UART_RxCpltCallback) refers to rt_memcpy_v6.o(.text) for __aeabi_memcpy
    main.o(i.HAL_UART_RxCpltCallback) refers to stm32f4xx_hal_uart.o(i.HAL_UART_Receive_IT) for HAL_UART_Receive_IT
    main.o(i.HAL_UART_RxCpltCallback) refers to main.o(i.handlePacket) for handlePacket
    main.o(i.HAL_UART_RxCpltCallback) refers to main.o(.bss) for .bss
    main.o(i.SystemClock_Config) refers to rt_memclr_w.o(.text) for __aeabi_memclr4
    main.o(i.SystemClock_Config) refers to stm32f4xx_hal_rcc.o(i.HAL_RCC_OscConfig) for HAL_RCC_OscConfig
    main.o(i.SystemClock_Config) refers to stm32f4xx_hal_rcc.o(i.HAL_RCC_ClockConfig) for HAL_RCC_ClockConfig
    main.o(i.TIM3_IRQHandler) refers to _printf_percent.o(.ARM.Collect$$_printf_percent$$00000000) for _printf_percent
    main.o(i.TIM3_IRQHandler) refers to _printf_u.o(.ARM.Collect$$_printf_percent$$0000000A) for _printf_u
    main.o(i.TIM3_IRQHandler) refers to _printf_dec.o(.text) for _printf_int_dec
    main.o(i.TIM3_IRQHandler) refers to noretval__2printf.o(.text) for __2printf
    main.o(i.TIM3_IRQHandler) refers to main.o(.data) for .data
    main.o(i.fputc) refers to uart2.o(i.uart2_write) for uart2_write
    main.o(i.handlePacket) refers to _printf_percent.o(.ARM.Collect$$_printf_percent$$00000000) for _printf_percent
    main.o(i.handlePacket) refers to _printf_d.o(.ARM.Collect$$_printf_percent$$00000009) for _printf_d
    main.o(i.handlePacket) refers to _printf_f.o(.ARM.Collect$$_printf_percent$$00000003) for _printf_f
    main.o(i.handlePacket) refers to _printf_dec.o(.text) for _printf_int_dec
    main.o(i.handlePacket) refers to printf1.o(x$fpl$printf1) for _printf_fp_dec
    main.o(i.handlePacket) refers to dflt_clz.o(x$fpl$dflt) for __aeabi_i2d
    main.o(i.handlePacket) refers to dmul.o(x$fpl$dmul) for __aeabi_dmul
    main.o(i.handlePacket) refers to ddiv.o(x$fpl$ddiv) for __aeabi_ddiv
    main.o(i.handlePacket) refers to noretval__2printf.o(.text) for __2printf
    main.o(i.handlePacket) refers to main.o(.data) for .data
    main.o(i.handlePacket) refers to main.o(.bss) for .bss
    main.o(i.handlePacket) refers to main.o(.conststring) for .conststring
    main.o(i.main) refers to stm32f4xx_hal.o(i.HAL_Init) for HAL_Init
    main.o(i.main) refers to main.o(i.SystemClock_Config) for SystemClock_Config
    main.o(i.main) refers to stm32f4xx_hal_cortex.o(i.HAL_NVIC_SetPriority) for HAL_NVIC_SetPriority
    main.o(i.main) refers to stm32f4xx_hal_cortex.o(i.HAL_NVIC_EnableIRQ) for HAL_NVIC_EnableIRQ
[...]
    ../clib/memcpset.s                       0x00000000   Number         0  rt_memcpy_w.o ABSOLUTE
    ../clib/memcpset.s                       0x00000000   Number         0  rt_memclr_w.o ABSOLUTE
    ../clib/memcpset.s                       0x00000000   Number         0  rt_memcpy_v6.o ABSOLUTE
    ../clib/memcpset.s                       0x00000000   Number         0  strcmpv7m.o ABSOLUTE
    ../clib/misc.s                           0x00000000   Number         0  printf_stubs.o ABSOLUTE
    ../clib/printf.c                         0x00000000   Number         0  __printf_flags_ss_wp.o ABSOLUTE
    ../clib/printf.c                         0x00000000   Number         0  _printf_dec.o ABSOLUTE
    ../clib/printf.c                         0x00000000   Number         0  __printf_flags.o ABSOLUTE
    ../clib/printf.c                         0x00000000   Number         0  __printf_ss.o ABSOLUTE
    ../clib/printf.c                         0x00000000   Number         0  __printf_flags_ss.o ABSOLUTE
    ../clib/printf.c                         0x00000000   Number         0  __printf_wp.o ABSOLUTE
    ../clib/printf.c                         0x00000000   Number         0  __printf_flags_wp.o ABSOLUTE
    ../clib/printf.c                         0x00000000   Number         0  _printf_char_file.o ABSOLUTE
    ../clib/printf.c                         0x00000000   Number         0  _printf_fp_dec.o ABSOLUTE
    ../clib/printf.c                         0x00000000   Number         0  _printf_intcommon.o ABSOLUTE
    ../clib/printf.c                         0x00000000   Number         0  __printf_ss_wp.o ABSOLUTE
    ../clib/printf.c                         0x00000000   Number         0  _printf_char_common.o ABSOLUTE
    ../clib/printf.c                         0x00000000   Number         0  __printf_nopercent.o ABSOLUTE
    ../clib/printf.c                         0x00000000   Number         0  _printf_fp_infnan.o ABSOLUTE
    ../clib/printf.c                         0x00000000   Number         0  __2printf.o ABSOLUTE
    ../clib/printf.c                         0x00000000   Number         0  noretval__2printf.o ABSOLUTE
    ../clib/printf.c                         0x00000000   Number         0  __printf.o ABSOLUTE
    ../clib/printf_percent.s                 0x00000000   Number         0  _printf_d.o ABSOLUTE
    ../clib/printf_percent.s                 0x00000000   Number         0  _printf_f.o ABSOLUTE
    ../clib/printf_percent.s                 0x00000000   Number         0  _printf_u.o ABSOLUTE
    ../clib/printf_percent.s                 0x00000000   Number         0  _printf_percent.o ABSOLUTE
    ../clib/printf_percent.s                 0x00000000   Number         0  _printf_percent_end.o ABSOLUTE
    ../clib/signal.c                         0x00000000   Number         0  defsig_cppl_inner.o ABSOLUTE
    ../clib/signal.c                         0x00000000   Number         0  defsig_fpe_formal.o ABSOLUTE
    ../clib/signal.c                         0x00000000   Number         0  defsig_fpe_outer.o ABSOLUTE
    ../clib/signal.c                         0x00000000   Number         0  defsig_rtmem_formal.o ABSOLUTE
    ../clib/signal.c                         0x00000000   Number         0  defsig_abrt_inner.o ABSOLUTE
    ../clib/signal.c                         0x00000000   Number         0  defsig_rtmem_inner.o ABSOLUTE
    ../clib/signal.c                         0x00000000   Number         0  defsig_other.o ABSOLUTE
    ../clib/signal.c                         0x00000000   Number         0  defsig_general.o ABSOLUTE
    ../clib/signal.c                         0x00000000   Number         0  defsig_segv_inner.o ABSOLUTE
    ../clib/signal.c                         0x00000000   Number         0  __raise.o ABSOLUTE
    ../clib/signal.c                         0x00000000   Number         0  defsig_rtred_inner.o ABSOLUTE
    ../clib/signal.c                         0x00000000   Number         0  defsig_fpe_inner.o ABSOLUTE
    ../clib/signal.c                         0x00000000   Number         0  defsig_exit.o ABSOLUTE
    ../clib/signal.c                         0x00000000   Number         0  defsig_rtmem_outer.o ABSOLUTE
    ../clib/signal.c                         0x00000000   Number         0  defsig_stak_inner.o ABSOLUTE
    ../clib/signal.c                         0x00000000   Number         0  defsig_pvfn_inner.o ABSOLUTE
    ../clib/signal.s                         0x00000000   Number         0  defsig.o ABSOLUTE
    ../clib/stdio.c                          0x00000000   Number         0  ferror.o ABSOLUTE
    ../clib/stdio.c                          0x00000000   Number         0  ferror_locked.o ABSOLUTE
    ../clib/stdlib.c                         0x00000000   Number         0  exit.o ABSOLUTE
    ../fplib/daddsub.s                       0x00000000   Number         0  daddsub_clz.o ABSOLUTE
    ../fplib/ddiv.s                          0x00000000   Number         0  ddiv.o ABSOLUTE
    ../fplib/dflt.s                          0x00000000   Number         0  dflt_clz.o ABSOLUTE
    ../fplib/dmul.s                          0x00000000   Number         0  dmul.o ABSOLUTE
    ../fplib/dnaninf.s                       0x00000000   Number         0  dnaninf.o ABSOLUTE
    ../fplib/dretinf.s                       0x00000000   Number         0  dretinf.o ABSOLUTE
    ../fplib/fpinit.s                        0x00000000   Number         0  fpinit.o ABSOLUTE
    ../fplib/istatus.s                       0x00000000   Number         0  istatus.o ABSOLUTE
    ../fplib/printf1.s                       0x00000000   Number         0  printf1.o ABSOLUTE
    ../fplib/usenofp.s                       0x00000000   Number         0  usenofp.o ABSOLUTE
    ../mathlib/fpclassify.c                  0x00000000   Number         0  fpclassify.o ABSOLUTE
    ..\Core\Src\main.c                       0x00000000   Number         0  main.o ABSOLUTE
    ..\Core\Src\stm32f4xx_hal_msp.c          0x00000000   Number         0  stm32f4xx_hal_msp.o ABSOLUTE
    ..\Core\Src\stm32f4xx_it.c               0x00000000   Number         0  stm32f4xx_it.o ABSOLUTE
    ..\Core\Src\system_stm32f4xx.c           0x00000000   Number         0  system_stm32f4xx.o ABSOLUTE
    ..\Drivers\STM32F4xx_HAL_Driver\Src\stm32f4xx_hal.c 0x00000000   Number         0  stm32f4xx_hal.o ABSOLUTE
    ..\Drivers\STM32F4xx_HAL_Driver\Src\stm32f4xx_hal_cortex.c 0x00000000   Number         0  stm32f4xx_hal_cortex.o ABSOLUTE
    ..\Drivers\STM32F4xx_HAL_Driver\Src\stm32f4xx_hal_dma.c 0x00000000   Number         0  stm32f4xx_hal_dma.o ABSOLUTE
    ..\Drivers\STM32F4xx_HAL_Driver\Src\stm32f4xx_hal_dma_ex.c 0x00000000   Number         0  stm32f4xx_hal_dma_ex.o ABSOLUTE
    ..\Drivers\STM32F4xx_HAL_Driver\Src\stm32f4xx_hal_exti.c 0x00000000   Number         0  stm32f4xx_hal_exti.o ABSOLUTE
    ..\Drivers\STM32F4xx_HAL_Driver\Src\stm32f4xx_hal_flash.c 0x00000000   Number         0  stm32f4xx_hal_flash.o ABSOLUTE
    ..\Drivers\STM32F4xx_HAL_Driver\Src\stm32f4xx_hal_flash_ex.c 0x00000000   Number         0  stm32f4xx_hal_flash_ex.o ABSOLUTE
    ..\Drivers\STM32F4xx_HAL_Driver\Src\stm32f4xx_hal_flash_ramfunc.c 0x00000000   Number         0  stm32f4xx_hal_flash_ramfunc.o ABSOLUTE
    ..\Drivers\STM32F4xx_HAL_Driver\Src\stm32f4xx_hal_gpio.c 0x00000000   Number         0  stm32f4xx_hal_gpio.o ABSOLUTE
    ..\Drivers\STM32F4xx_HAL_Driver\Src\stm32f4xx_hal_pwr.c 0x00000000   Number         0  stm32f4xx_hal_pwr.o ABSOLUTE
    ..\Drivers\STM32F4xx_HAL_Driver\Src\stm32f4xx_hal_pwr_ex.c 0x00000000   Number         0  stm32f4xx_hal_pwr_ex.o ABSOLUTE
    ..\Drivers\STM32F4xx_HAL_Driver\Src\stm32f4xx_hal_rcc.c 0x00000000   Number         0  stm32f4xx_hal_rcc.o ABSOLUTE
    ..\Drivers\STM32F4xx_HAL_Driver\Src\stm32f4xx_hal_rcc_ex.c 0x00000000   Number         0  stm32f4xx_hal_rcc_ex.o ABSOLUTE
    ..\Drivers\STM32F4xx_HAL_Driver\Src\stm32f4xx_hal_tim.c 0x00000000   Number         0  stm32f4xx_hal_tim.o ABSOLUTE
    ..\Drivers\STM32F4xx_HAL_Driver\Src\stm32f4xx_hal_tim_ex.c 0x00000000   Number         0  stm32f4xx_hal_tim_ex.o ABSOLUTE
    ..\Drivers\STM32F4xx_HAL_Driver\Src\stm32f4xx_hal_uart.c 0x00000000   Number         0  stm32f4xx_hal_uart.o ABSOLUTE
    EXTI.c                                   0x00000000   Number         0  exti.o ABSOLUTE
    EXTI.c                                   0x00000000   Number         0  exti.o ABSOLUTE
    TIM3Config.c                             0x00000000   Number         0  tim3config.o ABSOLUTE
    TIM3Config.c                             0x00000000   Number         0  tim3config.o ABSOLUTE
    TIm4Config.c                             0x00000000   Number         0  tim4config.o ABSOLUTE
    TIm4Config.c                             0x00000000   Number         0  tim4config.o ABSOLUTE
    dc.s                                     0x00000000   Number         0  dc.o ABSOLUTE
    startup_stm32f407xx.s                    0x00000000   Number         0  startup_stm32f407xx.o ABSOLUTE
    uart2.c                                  0x00000000   Number         0  uart2.o ABSOLUTE
    uart2.c                                  0x00000000   Number         0  uart2.o ABSOLUTE
    RESET                                    0x08000000   Section      392  startup_stm32f407xx.o(RESET)
    !!!main                                  0x08000188   Section        8  __main.o(!!!main)
    !!!scatter                               0x08000190   Section       52  __scatter.o(!!!scatter)
    !!handler_copy                           0x080001c4   Section       26  __scatter_copy.o(!!handler_copy)
    !!handler_zi                             0x080001e0   Section       28  __scatter_zi.o(!!handler_zi)
    .ARM.Collect$$_printf_percent$$00000000  0x080001fc   Section        0  _printf_percent.o(.ARM.Collect$$_printf_percent$$00000000)
    .ARM.Collect$$_printf_percent$$00000003  0x080001fc   Section        6  _printf_f.o(.ARM.Collect$$_printf_percent$$00000003)
    .ARM.Collect$$_printf_percent$$00000009  0x08000202   Section        6  _printf_d.o(.ARM.Collect$$_printf_percent$$00000009)
    .ARM.Collect$$_printf_percent$$0000000A  0x08000208   Section        6  _printf_u.o(.ARM.Collect$$_printf_percent$$0000000A)
    .ARM.Collect$$_printf_percent$$00000017  0x0800020e   Section        4  _printf_percent_end.o(.ARM.Collect$$_printf_percent$$00000017)
    .ARM.Collect$$libinit$$00000000          0x08000212   Section        2  libinit.o(.ARM.Collect$$libinit$$00000000)
    .ARM.Collect$$libinit$$00000001          0x08000214   Section        4  libinit2.o(.ARM.Collect$$libinit$$00000001)
    .ARM.Collect$$libinit$$00000004          0x08000218   Section        0  libinit2.o(.ARM.Collect$$libinit$$00000004)
    .ARM.Collect$$libinit$$0000000A          0x08000218   Section        0  libinit2.o(.ARM.Collect$$libinit$$0000000A)
    .ARM.Collect$$libinit$$0000000C          0x08000218   Section        0  libinit2.o(.ARM.Collect$$libinit$$0000000C)
    .ARM.Collect$$libinit$$0000000E          0x08000218   Section        0  libinit2.o(.ARM.Collect$$libinit$$0000000E)
    .ARM.Collect$$libinit$$0000000F          0x08000218   Section        6  libinit2.o(.ARM.Collect$$libinit$$0000000F)
    .ARM.Collect$$libinit$$00000011          0x0800021e   Section        0  libinit2.o(.ARM.Collect$$libinit$$00000011)
    .ARM.Collect$$libinit$$00000013          0x0800021e   Section        0  libinit2.o(.ARM.Collect$$libinit$$00000013)
    .ARM.Collect$$libinit$$00000015          0x0800021e   Section        0  libinit2.o(.ARM.Collect$$libinit$$00000015)
    .ARM.Collect$$libinit$$00000016          0x0800021e   Section       10  libinit2.o(.ARM.Collect$$libinit$$00000016)
    .ARM.Collect$$libinit$$00000017          0x08000228   Section        0  libinit2.o(.ARM.Collect$$libinit$$00000017)
    .ARM.Collect$$libinit$$00000019          0x08000228   Section        0  libinit2.o(.ARM.Collect$$libinit$$00000019)
    .ARM.Collect$$libinit$$0000001B          0x08000228   Section        0  libinit2.o(.ARM.Collect$$libinit$$0000001B)
    .ARM.Collect$$libinit$$0000001D          0x08000228   Section        0  libinit2.o(.ARM.Collect$$libinit$$0000001D)
    .ARM.Collect$$libinit$$0000001F          0x08000228   Section        0  libinit2.o(.ARM.Collect$$libinit$$0000001F)
    .ARM.Collect$$libinit$$00000021          0x08000228   Section        0  libinit2.o(.ARM.Collect$$libinit$$00000021)
    .ARM.Collect$$libinit$$00000023          0x08000228   Section        0  libinit2.o(.ARM.Collect$$libinit$$00000023)
    .ARM.Collect$$libinit$$00000025          0x08000228   Section        0  libinit2.o(.ARM.Collect$$libinit$$00000025)
    .ARM.Collect$$libinit$$0000002C          0x08000228   Section        0  libinit2.o(.ARM.Collect$$libinit$$0000002C)
    .ARM.Collect$$libinit$$0000002E          0x08000228   Section        0  libinit2.o(.ARM.Collect$$libinit$$0000002E)
    .ARM.Collect$$libinit$$00000030          0x08000228   Section        0  libinit2.o(.ARM.Collect$$libinit$$00000030)
    .ARM.Collect$$libinit$$00000032          0x08000228   Section        0  libinit2.o(.ARM.Collect$$libinit$$00000032)
    .ARM.Collect$$libinit$$00000033          0x08000228   Section        2  libinit2.o(.ARM.Collect$$libinit$$00000033)
    .ARM.Collect$$libshutdown$$00000000      0x0800022a   Section        2  libshutdown.o(.ARM.Collect$$libshutdown$$00000000)
    .ARM.Collect$$libshutdown$$00000002      0x0800022c   Section        0  libshutdown2.o(.ARM.Collect$$libshutdown$$00000002)
    .ARM.Collect$$libshutdown$$00000004      0x0800022c   Section        0  libshutdown2.o(.ARM.Collect$$libshutdown$$00000004)
    .ARM.Collect$$libshutdown$$00000006      0x0800022c   Section        0  libshutdown2.o(.ARM.Collect$$libshutdown$$00000006)
    .ARM.Collect$$libshutdown$$00000009      0x0800022c   Section        0  libshutdown2.o(.ARM.Collect$$libshutdown$$00000009)
    .ARM.Collect$$libshutdown$$0000000C      0x0800022c   Section        0  libshutdown2.o(.ARM.Collect$$libshutdown$$0000000C)
    .ARM.Collect$$libshutdown$$0000000E      0x0800022c   Section        0  libshutdown2.o(.ARM.Collect$$libshutdown$$0000000E)
    .ARM.Collect$$libshutdown$$00000011      0x0800022c   Section        0  libshutdown2.o(.ARM.Collect$$libshutdown$$00000011)
    .ARM.Collect$$libshutdown$$00000012      0x0800022c   Section        2  libshutdown2.o(.ARM.Collect$$libshutdown$$00000012)
    .ARM.Collect$$rtentry$$00000000          0x0800022e   Section        0  __rtentry.o(.ARM.Collect$$rtentry$$00000000)
    .ARM.Collect$$rtentry$$00000002          0x0800022e   Section        0  __rtentry2.o(.ARM.Collect$$rtentry$$00000002)
    .ARM.Collect$$rtentry$$00000004          0x0800022e   Section        6  __rtentry4.o(.ARM.Collect$$rtentry$$00000004)
    .ARM.Collect$$rtentry$$00000009          0x08000234   Section        0  __rtentry2.o(.ARM.Collect$$rtentry$$00000009)
    .ARM.Collect$$rtentry$$0000000A          0x08000234   Section        4  __rtentry2.o(.ARM.Collect$$rtentry$$0000000A)
    .ARM.Collect$$rtentry$$0000000C          0x08000238   Section        0  __rtentry2.o(.ARM.Collect$$rtentry$$0000000C)
    .ARM.Collect$$rtentry$$0000000D          0x08000238   Section        8  __rtentry2.o(.ARM.Collect$$rtentry$$0000000D)
    .ARM.Collect$$rtexit$$00000000           0x08000240   Section        2  rtexit.o(.ARM.Collect$$rtexit$$00000000)
    .ARM.Collect$$rtexit$$00000002           0x08000242   Section        0  rtexit2.o(.ARM.Collect$$rtexit$$00000002)
    .ARM.Collect$$rtexit$$00000003           0x08000242   Section        4  rtexit2.o(.ARM.Collect$$rtexit$$00000003)
    .ARM.Collect$$rtexit$$00000004           0x08000246   Section        6  rtexit2.o(.ARM.Collect$$rtexit$$00000004)
    .text                                    0x0800024c   Section       64  startup_stm32f407xx.o(.text)
    $v0                                      0x0800024c   Number         0  startup_stm32f407xx.o(.text)
    .text                                    0x0800028c   Section      238  lludivv7m.o(.text)
    .text                                    0x0800037c   Section        0  noretval__2printf.o(.text)
    .text                                    0x08000394   Section        0  _printf_dec.o(.text)
    .text                                    0x0800040c   Section        0  __printf_ss.o(.text)
    .text                                    0x080004c4   Section      138  rt_memcpy_v6.o(.text)
    .text                                    0x0800054e   Section       78  rt_memclr_w.o(.text)
    .text                                    0x0800059c   Section        0  heapauxi.o(.text)
    .text                                    0x080005a2   Section        0  _printf_intcommon.o(.text)
    .text                                    0x08000654   Section        0  _printf_fp_dec.o(.text)
    _fp_digits                               0x08000657   Thumb Code   432  _printf_fp_dec.o(.text)
    .text                                    0x08000a74   Section        0  _printf_char_file.o(.text)
    .text                                    0x08000a98   Section      100  rt_memcpy_w.o(.text)
    .text                                    0x08000afc   Section        8  rt_locale_intlibspace.o(.text)
    .text                                    0x08000b04   Section      138  lludiv10.o(.text)
    .text                                    0x08000b90   Section        0  _printf_char_common.o(.text)
    _printf_input_char                       0x08000b91   Thumb Code    10  _printf_char_common.o(.text)
    .text                                    0x08000bc0   Section        0  _printf_fp_infnan.o(.text)
    .text                                    0x08000c40   Section        0  bigflt0.o(.text)
    .text                                    0x08000d24   Section        0  ferror.o(.text)
    .text                                    0x08000d2c   Section        8  libspace.o(.text)
    .text                                    0x08000d34   Section       74  sys_stackheap_outer.o(.text)
    .text                                    0x08000d7e   Section        0  exit.o(.text)
    .text                                    0x08000d90   Section      128  strcmpv7m.o(.text)
    .text                                    0x08000e10   Section        0  sys_exit.o(.text)
    .text                                    0x08000e1c   Section        2  use_no_semi.o(.text)
    .text                                    0x08000e1e   Section        0  indicate_semi.o(.text)
    CL$$btod_d2e                             0x08000e1e   Section       62  btod.o(CL$$btod_d2e)
    CL$$btod_d2e_denorm_low                  0x08000e5c   Section       70  btod.o(CL$$btod_d2e_denorm_low)
    CL$$btod_d2e_norm_op1                    0x08000ea2   Section       96  btod.o(CL$$btod_d2e_norm_op1)
    CL$$btod_div_common                      0x08000f02   Section      824  btod.o(CL$$btod_div_common)
    CL$$btod_e2e                             0x0800123a   Section      220  btod.o(CL$$btod_e2e)
    CL$$btod_ediv                            0x08001316   Section       42  btod.o(CL$$btod_ediv)
    CL$$btod_emul                            0x08001340   Section       42  btod.o(CL$$btod_emul)
    CL$$btod_mult_common                     0x0800136a   Section      580  btod.o(CL$$btod_mult_common)
    i.BusFault_Handler                       0x080015ae   Section        0  stm32f4xx_it.o(i.BusFault_Handler)
    i.DMA1_Stream5_IRQHandler                0x080015b0   Section        0  stm32f4xx_it.o(i.DMA1_Stream5_IRQHandler)
    i.DMA_CalcBaseAndBitshift                0x080015bc   Section        0  stm32f4xx_hal_dma.o(i.DMA_CalcBaseAndBitshift)
    DMA_CalcBaseAndBitshift                  0x080015bd   Thumb Code    34  stm32f4xx_hal_dma.o(i.DMA_CalcBaseAndBitshift)
    i.DMA_CheckFifoParam                     0x080015e4   Section        0  stm32f4xx_hal_dma.o(i.DMA_CheckFifoParam)
    DMA_CheckFifoParam                       0x080015e5   Thumb Code    84  stm32f4xx_hal_dma.o(i.DMA_CheckFifoParam)
    i.DebugMon_Handler                       0x08001638   Section        0  stm32f4xx_it.o(i.DebugMon_Handler)
    i.EXTI0_IRQHandler                       0x0800163c   Section        0  exti.o(i.EXTI0_IRQHandler)
    i.EXTI_Config                            0x080016a8   Section        0  exti.o(i.EXTI_Config)
    i.Error_Handler                          0x08001718   Section        0  main.o(i.Error_Handler)
    i.HAL_DMA_Abort                          0x0800171c   Section        0  stm32f4xx_hal_dma.o(i.HAL_DMA_Abort)
    i.HAL_DMA_Abort_IT                       0x080017ae   Section        0  stm32f4xx_hal_dma.o(i.HAL_DMA_Abort_IT)
    i.HAL_DMA_IRQHandler                     0x080017d4   Section        0  stm32f4xx_hal_dma.o(i.HAL_DMA_IRQHandler)
    i.HAL_DMA_Init                           0x08001974   Section        0  stm32f4xx_hal_dma.o(i.HAL_DMA_Init)
    i.HAL_GPIO_Init                          0x08001a48   Section        0  stm32f4xx_hal_gpio.o(i.HAL_GPIO_Init)
    i.HAL_GetTick                            0x08001c38   Section        0  stm32f4xx_hal.o(i.HAL_GetTick)
    i.HAL_IncTick                            0x08001c44   Section        0  stm32f4xx_hal.o(i.HAL_IncTick)
    i.HAL_Init                               0x08001c54   Section        0  stm32f4xx_hal.o(i.HAL_Init)
    i.HAL_InitTick                           0x08001c88   Section        0  stm32f4xx_hal.o(i.HAL_InitTick)
    i.HAL_MspInit                            0x08001cc8   Section        0  stm32f4xx_hal_msp.o(i.HAL_MspInit)
    i.HAL_NVIC_EnableIRQ                     0x08001cfc   Section        0  stm32f4xx_hal_cortex.o(i.HAL_NVIC_EnableIRQ)
    i.HAL_NVIC_SetPriority                   0x08001d18   Section        0  stm32f4xx_hal_cortex.o(i.HAL_NVIC_SetPriority)
    i.HAL_NVIC_SetPriorityGrouping           0x08001d58   Section        0  stm32f4xx_hal_cortex.o(i.HAL_NVIC_SetPriorityGrouping)
    i.HAL_RCC_ClockConfig                    0x08001d7c   Section        0  stm32f4xx_hal_rcc.o(i.HAL_RCC_ClockConfig)
    i.HAL_RCC_GetPCLK1Freq                   0x08001eb0   Section        0  stm32f4xx_hal_rcc.o(i.HAL_RCC_GetPCLK1Freq)
    i.HAL_RCC_GetPCLK2Freq                   0x08001ed0   Section        0  stm32f4xx_hal_rcc.o(i.HAL_RCC_GetPCLK2Freq)
    i.HAL_RCC_GetSysClockFreq                0x08001ef0   Section        0  stm32f4xx_hal_rcc.o(i.HAL_RCC_GetSysClockFreq)
    i.HAL_RCC_OscConfig                      0x08001f50   Section        0  stm32f4xx_hal_rcc.o(i.HAL_RCC_OscConfig)
    i.HAL_SYSTICK_Config                     0x080022bc   Section        0  stm32f4xx_hal_cortex.o(i.HAL_SYSTICK_Config)
    i.HAL_UARTEx_RxEventCallback             0x080022e4   Section        0  stm32f4xx_hal_uart.o(i.HAL_UARTEx_RxEventCallback)
    i.HAL_UART_ErrorCallback                 0x080022e6   Section        0  stm32f4xx_hal_uart.o(i.HAL_UART_ErrorCallback)
    i.HAL_UART_IRQHandler                    0x080022e8   Section        0  stm32f4xx_hal_uart.o(i.HAL_UART_IRQHandler)
    i.HAL_UART_Init                          0x08002550   Section        0  stm32f4xx_hal_uart.o(i.HAL_UART_Init)
    i.HAL_UART_MspInit                       0x080025b4   Section        0  stm32f4xx_hal_msp.o(i.HAL_UART_MspInit)
    i.HAL_UART_Receive_IT                    0x08002664   Section        0  stm32f4xx_hal_uart.o(i.HAL_UART_Receive_IT)
    i.HAL_UART_RxCpltCallback                0x08002690   Section        0  main.o(i.HAL_UART_RxCpltCallback)
    i.HAL_UART_TxCpltCallback                0x080026b8   Section        0  stm32f4xx_hal_uart.o(i.HAL_UART_TxCpltCallback)
    i.HardFault_Handler                      0x080026ba   Section        0  stm32f4xx_it.o(i.HardFault_Handler)
    i.MemManage_Handler                      0x080026bc   Section        0  stm32f4xx_it.o(i.MemManage_Handler)
    i.NMI_Handler                            0x080026be   Section        0  stm32f4xx_it.o(i.NMI_Handler)
    i.PendSV_Handler                         0x080026c0   Section        0  stm32f4xx_it.o(i.PendSV_Handler)
    i.SVC_Handler                            0x080026c2   Section        0  stm32f4xx_it.o(i.SVC_Handler)
    i.SysTick_Handler                        0x080026c4   Section        0  stm32f4xx_it.o(i.SysTick_Handler)
    i.SystemClock_Config                     0x080026c8   Section        0  main.o(i.SystemClock_Config)
    i.SystemInit                             0x0800275c   Section        0  system_stm32f4xx.o(i.SystemInit)
    i.TIM3_Config                            0x0800276c   Section        0  tim3config.o(i.TIM3_Config)
    i.TIM3_IRQHandler                        0x080027bc   Section        0  main.o(i.TIM3_IRQHandler)
    i.TIM4_Config                            0x080027f4   Section        0  tim4config.o(i.TIM4_Config)
    i.TIM4_IRQHandler                        0x08002840   Section        0  tim4config.o(i.TIM4_IRQHandler)
    i.UART_DMAAbortOnError                   0x0800285c   Section        0  stm32f4xx_hal_uart.o(i.UART_DMAAbortOnError)
    UART_DMAAbortOnError                     0x0800285d   Thumb Code    16  stm32f4xx_hal_uart.o(i.UART_DMAAbortOnError)
    i.UART_EndRxTransfer                     0x0800286c   Section        0  stm32f4xx_hal_uart.o(i.UART_EndRxTransfer)
    UART_EndRxTransfer                       0x0800286d   Thumb Code    78  stm32f4xx_hal_uart.o(i.UART_EndRxTransfer)
    i.UART_Receive_IT                        0x080028ba   Section        0  stm32f4xx_hal_uart.o(i.UART_Receive_IT)
    UART_Receive_IT                          0x080028bb   Thumb Code   192  stm32f4xx_hal_uart.o(i.UART_Receive_IT)
    i.UART_SetConfig                         0x0800297c   Section        0  stm32f4xx_hal_uart.o(i.UART_SetConfig)
    UART_SetConfig                           0x0800297d   Thumb Code   258  stm32f4xx_hal_uart.o(i.UART_SetConfig)
    i.UART_Start_Receive_IT                  0x08002a88   Section        0  stm32f4xx_hal_uart.o(i.UART_Start_Receive_IT)
    i.USART2_IRQHandler                      0x08002ac0   Section        0  stm32f4xx_it.o(i.USART2_IRQHandler)
    i.UsageFault_Handler                     0x08002acc   Section        0  stm32f4xx_it.o(i.UsageFault_Handler)
    i.__ARM_fpclassify                       0x08002ace   Section        0  fpclassify.o(i.__ARM_fpclassify)
    i.__NVIC_SetPriority                     0x08002afe   Section        0  stm32f4xx_hal_cortex.o(i.__NVIC_SetPriority)
    __NVIC_SetPriority                       0x08002aff   Thumb Code    32  stm32f4xx_hal_cortex.o(i.__NVIC_SetPriority)
    i.checkDirection                         0x08002b20   Section        0  exti.o(i.checkDirection)
    i.fputc                                  0x08002b38   Section        0  main.o(i.fputc)
    i.handlePacket                           0x08002b44   Section        0  main.o(i.handlePacket)
    i.main                                   0x08002c9c   Section        0  main.o(i.main)
    i.uart2_write                            0x08002d4c   Section        0  uart2.o(i.uart2_write)
    locale$$code                             0x08002d64   Section       44  lc_numeric_c.o(locale$$code)
    x$fpl$dadd                               0x08002d90   Section      336  daddsub_clz.o(x$fpl$dadd)
    $v0                                      0x08002d90   Number         0  daddsub_clz.o(x$fpl$dadd)
    _dadd1                                   0x08002da1   Thumb Code     0  daddsub_clz.o(x$fpl$dadd)
    x$fpl$ddiv                               0x08002ee0   Section      688  ddiv.o(x$fpl$ddiv)
    $v0                                      0x08002ee0   Number         0  ddiv.o(x$fpl$ddiv)
    ddiv_entry                               0x08002ee7   Thumb Code     0  ddiv.o(x$fpl$ddiv)
    x$fpl$dflt                               0x08003190   Section       46  dflt_clz.o(x$fpl$dflt)
    $v0                                      0x08003190   Number         0  dflt_clz.o(x$fpl$dflt)
    x$fpl$dmul                               0x080031c0   Section      340  dmul.o(x$fpl$dmul)
    $v0                                      0x080031c0   Number         0  dmul.o(x$fpl$dmul)
    x$fpl$dnaninf                            0x08003314   Section      156  dnaninf.o(x$fpl$dnaninf)
    $v0                                      0x08003314   Number         0  dnaninf.o(x$fpl$dnaninf)
    x$fpl$dretinf                            0x080033b0   Section       12  dretinf.o(x$fpl$dretinf)
    $v0                                      0x080033b0   Number         0  dretinf.o(x$fpl$dretinf)
    x$fpl$dsub                               0x080033bc   Section      468  daddsub_clz.o(x$fpl$dsub)
    $v0                                      0x080033bc   Number         0  daddsub_clz.o(x$fpl$dsub)
    _dsub1                                   0x080033cd   Thumb Code     0  daddsub_clz.o(x$fpl$dsub)
    x$fpl$fpinit                             0x08003590   Section       10  fpinit.o(x$fpl$fpinit)
    $v0                                      0x08003590   Number         0  fpinit.o(x$fpl$fpinit)
    x$fpl$printf1                            0x0800359a   Section        4  printf1.o(x$fpl$printf1)
    $v0                                      0x0800359a   Number         0  printf1.o(x$fpl$printf1)
    .constdata                               0x0800359e   Section        8  stm32f4xx_hal_dma.o(.constdata)
    x$fpl$usenofp                            0x0800359e   Section        0  usenofp.o(x$fpl$usenofp)
    flagBitshiftOffset                       0x0800359e   Data           8  stm32f4xx_hal_dma.o(.constdata)
    .constdata                               0x080035a6   Section       16  system_stm32f4xx.o(.constdata)
    .constdata                               0x080035b6   Section        8  system_stm32f4xx.o(.constdata)
    .constdata                               0x080035c0   Section      148  bigflt0.o(.constdata)
    tenpwrs_x                                0x080035c0   Data          60  bigflt0.o(.constdata)
    tenpwrs_i                                0x080035fc   Data          64  bigflt0.o(.constdata)
    .conststring                             0x08003654   Section       66  main.o(.conststring)
    locale$$data                             0x080036b8   Section       28  lc_numeric_c.o(locale$$data)
    __lcnum_c_name                           0x080036bc   Data           2  lc_numeric_c.o(locale$$data)
    __lcnum_c_start                          0x080036c4   Data           0  lc_numeric_c.o(locale$$data)
    __lcnum_c_point                          0x080036d0   Data           0  lc_numeric_c.o(locale$$data)
    __lcnum_c_thousands                      0x080036d2   Data           0  lc_numeric_c.o(locale$$data)
    __lcnum_c_grouping                       0x080036d3   Data           0  lc_numeric_c.o(locale$$data)
    __lcnum_c_end                            0x080036d4   Data           0  lc_numeric_c.o(locale$$data)
    .data                                    0x20000000   Section       32  main.o(.data)
    .data                                    0x20000020   Section        8  main.o(.data)
    .data                                    0x20000028   Section        4  main.o(.data)
    .data                                    0x2000002c   Section        4  main.o(.data)
    .data                                    0x20000030   Section       12  stm32f4xx_hal.o(.data)
    .data                                    0x2000003c   Section        4  system_stm32f4xx.o(.data)
    .bss                                     0x20000040   Section      143  main.o(.bss)
    .bss                                     0x200000d0   Section       96  main.o(.bss)
    .bss                                     0x20000130   Section       96  libspace.o(.bss)
    HEAP                                     0x20000190   Section      512  startup_stm32f407xx.o(HEAP)
    Heap_Mem                                 0x20000190   Data         512  startup_stm32f407xx.o(HEAP)
    STACK                                    0x20000390   Section     1024  startup_stm32f407xx.o(STACK)
    Stack_Mem                                0x20000390   Data        1024  startup_stm32f407xx.o(STACK)
    __initial_sp                             0x20000790   Data           0  startup_stm32f407xx.o(STACK)

    Global Symbols

    Symbol Name                              Value     Ov Type        Size  Object(Section)

    BuildAttributes$$THM_ISAv4$E$P$D$K$B$S$7EM$VFPi3$EXTD16$VFPS$VFMA$PE$A:L22UL41UL21$X:L11$S22US41US21$IEEE1$IW$USESV6$~STKCKD$USESV7$~SHL$OTIME$ROPI$IEEEJ$EBA8$UX$STANDARDLIB$REQ8$PRES8$EABIv2 0x00000000   Number         0  anon$$obj.o ABSOLUTE
    __ARM_use_no_argv                        0x00000000   Number         0  main.o ABSOLUTE
    _printf_flags                            0x00000000   Number         0  printf_stubs.o ABSOLUTE
    _printf_return_value                     0x00000000   Number         0  printf_stubs.o ABSOLUTE
    _printf_sizespec                         0x00000000   Number         0  printf_stubs.o ABSOLUTE
    _printf_widthprec                        0x00000000   Number         0  printf_stubs.o ABSOLUTE
    __ARM_exceptions_init                     - Undefined Weak Reference
    __alloca_initialize                       - Undefined Weak Reference
    __arm_fini_                               - Undefined Weak Reference
    __arm_preinit_                            - Undefined Weak Reference
    __cpp_initialize__aeabi_                  - Undefined Weak Reference
    __cxa_finalize                            - Undefined Weak Reference
    __sigvec_lookup                           - Undefined Weak Reference
    _atexit_init                              - Undefined Weak Reference
    _call_atexit_fns                          - Undefined Weak Reference
    _clock_init                               - Undefined Weak Reference
    _fp_trap_init                             - Undefined Weak Reference
    _fp_trap_shutdown                         - Undefined Weak Reference
    _get_lc_collate                           - Undefined Weak Reference
    _get_lc_ctype                             - Undefined Weak Reference
    _get_lc_monetary                          - Undefined Weak Reference
    _get_lc_time                              - Undefined Weak Reference
    _getenv_init                              - Undefined Weak Reference
    _handle_redirection                       - Undefined Weak Reference
    _init_alloc                               - Undefined Weak Reference
    _init_user_alloc                          - Undefined Weak Reference
    _initio                                   - Undefined Weak Reference
    _mutex_acquire                            - Undefined Weak Reference
    _mutex_release                            - Undefined Weak Reference
    _printf_post_padding                      - Undefined Weak Reference
    _printf_pre_padding                       - Undefined Weak Reference
    _printf_truncate_signed                   - Undefined Weak Reference
    _printf_truncate_unsigned                 - Undefined Weak Reference
    _rand_init                                - Undefined Weak Reference
    _signal_finish                            - Undefined Weak Reference
    _signal_init                              - Undefined Weak Reference
    _terminate_alloc                          - Undefined Weak Reference
    _terminate_user_alloc                     - Undefined Weak Reference
    _terminateio                              - Undefined Weak Reference
    __Vectors_Size                           0x00000188   Number         0  startup_stm32f407xx.o ABSOLUTE
    __Vectors                                0x08000000   Data           4  startup_stm32f407xx.o(RESET)
    __Vectors_End                            0x08000188   Data           0  startup_stm32f407xx.o(RESET)
    __main                                   0x08000189   Thumb Code     8  __main.o(!!!main)
    __scatterload                            0x08000191   Thumb Code     0  __scatter.o(!!!scatter)
    __scatterload_rt2                        0x08000191   Thumb Code    44  __scatter.o(!!!scatter)
    __scatterload_rt2_thumb_only             0x08000191   Thumb Code     0  __scatter.o(!!!scatter)
    __scatterload_null                       0x0800019f   Thumb Code     0  __scatter.o(!!!scatter)
    __scatterload_copy                       0x080001c5   Thumb Code    26  __scatter_copy.o(!!handler_copy)
    __scatterload_zeroinit                   0x080001e1   Thumb Code    28  __scatter_zi.o(!!handler_zi)
    _printf_f                                0x080001fd   Thumb Code     0  _printf_f.o(.ARM.Collect$$_printf_percent$$00000003)
    _printf_percent                          0x080001fd   Thumb Code     0  _printf_percent.o(.ARM.Collect$$_printf_percent$$00000000)
    _printf_d                                0x08000203   Thumb Code     0  _printf_d.o(.ARM.Collect$$_printf_percent$$00000009)
    _printf_u                                0x08000209   Thumb Code     0  _printf_u.o(.ARM.Collect$$_printf_percent$$0000000A)
    _printf_percent_end                      0x0800020f   Thumb Code     0  _printf_percent_end.o(.ARM.Collect$$_printf_percent$$00000017)
    __rt_lib_init                            0x08000213   Thumb Code     0  libinit.o(.ARM.Collect$$libinit$$00000000)
    __rt_lib_init_fp_1                       0x08000215   Thumb Code     0  libinit2.o(.ARM.Collect$$libinit$$00000001)
    __rt_lib_init_heap_1                     0x08000219   Thumb Code     0  libinit2.o(.ARM.Collect$$libinit$$0000000A)
    __rt_lib_init_lc_common                  0x08000219   Thumb Code     0  libinit2.o(.ARM.Collect$$libinit$$0000000F)
    __rt_lib_init_preinit_1                  0x08000219   Thumb Code     0  libinit2.o(.ARM.Collect$$libinit$$00000004)
    __rt_lib_init_rand_1                     0x08000219   Thumb Code     0  libinit2.o(.ARM.Collect$$libinit$$0000000E)
    __rt_lib_init_user_alloc_1               0x08000219   Thumb Code     0  libinit2.o(.ARM.Collect$$libinit$$0000000C)
    __rt_lib_init_lc_collate_1               0x0800021f   Thumb Code     0  libinit2.o(.ARM.Collect$$libinit$$00000011)
    __rt_lib_init_lc_ctype_1                 0x0800021f   Thumb Code     0  libinit2.o(.ARM.Collect$$libinit$$00000013)
    __rt_lib_init_lc_monetary_1              0x0800021f   Thumb Code     0  libinit2.o(.ARM.Collect$$libinit$$00000015)
    __rt_lib_init_lc_numeric_2               0x0800021f   Thumb Code     0  libinit2.o(.ARM.Collect$$libinit$$00000016)
    __rt_lib_init_alloca_1                   0x08000229   Thumb Code     0  libinit2.o(.ARM.Collect$$libinit$$0000002E)
    __rt_lib_init_argv_1                     0x08000229   Thumb Code     0  libinit2.o(.ARM.Collect$$libinit$$0000002C)
    __rt_lib_init_atexit_1                   0x08000229   Thumb Code     0  libinit2.o(.ARM.Collect$$libinit$$0000001B)
    __rt_lib_init_clock_1                    0x08000229   Thumb Code     0  libinit2.o(.ARM.Collect$$libinit$$00000021)
    __rt_lib_init_cpp_1                      0x08000229   Thumb Code     0  libinit2.o(.ARM.Collect$$libinit$$00000032)
    __rt_lib_init_exceptions_1               0x08000229   Thumb Code     0  libinit2.o(.ARM.Collect$$libinit$$00000030)
    __rt_lib_init_fp_trap_1                  0x08000229   Thumb Code     0  libinit2.o(.ARM.Collect$$libinit$$0000001F)
    __rt_lib_init_getenv_1                   0x08000229   Thumb Code     0  libinit2.o(.ARM.Collect$$libinit$$00000023)
    __rt_lib_init_lc_numeric_1               0x08000229   Thumb Code     0  libinit2.o(.ARM.Collect$$libinit$$00000017)
    __rt_lib_init_lc_time_1                  0x08000229   Thumb Code     0  libinit2.o(.ARM.Collect$$libinit$$00000019)
    __rt_lib_init_return                     0x08000229   Thumb Code     0  libinit2.o(.ARM.Collect$$libinit$$00000033)
    __rt_lib_init_signal_1                   0x08000229   Thumb Code     0  libinit2.o(.ARM.Collect$$libinit$$0000001D)
    __rt_lib_init_stdio_1                    0x08000229   Thumb Code     0  libinit2.o(.ARM.Collect$$libinit$$00000025)
    __rt_lib_shutdown                        0x0800022b   Thumb Code     0  libshutdown.o(.ARM.Collect$$libshutdown$$00000000)
    __rt_lib_shutdown_cpp_1                  0x0800022d   Thumb Code     0  libshutdown2.o(.ARM.Collect$$libshutdown$$00000004)
    __rt_lib_shutdown_fini_1                 0x0800022d   Thumb Code     0  libshutdown2.o(.ARM.Collect$$libshutdown$$00000002)
    __rt_lib_shutdown_fp_trap_1              0x0800022d   Thumb Code     0  libshutdown2.o(.ARM.Collect$$libshutdown$$00000009)
    __rt_lib_shutdown_heap_1                 0x0800022d   Thumb Code     0  libshutdown2.o(.ARM.Collect$$libshutdown$$00000011)
    __rt_lib_shutdown_return                 0x0800022d   Thumb Code     0  libshutdown2.o(.ARM.Collect$$libshutdown$$00000012)
    __rt_lib_shutdown_signal_1               0x0800022d   Thumb Code     0  libshutdown2.o(.ARM.Collect$$libshutdown$$0000000C)
    __rt_lib_shutdown_stdio_1                0x0800022d   Thumb Code     0  libshutdown2.o(.ARM.Collect$$libshutdown$$00000006)
    __rt_lib_shutdown_user_alloc_1           0x0800022d   Thumb Code     0  libshutdown2.o(.ARM.Collect$$libshutdown$$0000000E)
    __rt_entry                               0x0800022f   Thumb Code     0  __rtentry.o(.ARM.Collect$$rtentry$$00000000)
    __rt_entry_presh_1                       0x0800022f   Thumb Code     0  __rtentry2.o(.ARM.Collect$$rtentry$$00000002)
    __rt_entry_sh                            0x0800022f   Thumb Code     0  __rtentry4.o(.ARM.Collect$$rtentry$$00000004)
    __rt_entry_li                            0x08000235   Thumb Code     0  __rtentry2.o(.ARM.Collect$$rtentry$$0000000A)
    __rt_entry_postsh_1                      0x08000235   Thumb Code     0  __rtentry2.o(.ARM.Collect$$rtentry$$00000009)
    __rt_entry_main                          0x08000239   Thumb Code     0  __rtentry2.o(.ARM.Collect$$rtentry$$0000000D)
    __rt_entry_postli_1                      0x08000239   Thumb Code     0  __rtentry2.o(.ARM.Collect$$rtentry$$0000000C)
    __rt_exit                                0x08000241   Thumb Code     0  rtexit.o(.ARM.Collect$$rtexit$$00000000)
    __rt_exit_ls                             0x08000243   Thumb Code     0  rtexit2.o(.ARM.Collect$$rtexit$$00000003)
    __rt_exit_prels_1                        0x08000243   Thumb Code     0  rtexit2.o(.ARM.Collect$$rtexit$$00000002)
    __rt_exit_exit                           0x08000247   Thumb Code     0  rtexit2.o(.ARM.Collect$$rtexit$$00000004)
    Reset_Handler                            0x0800024d   Thumb Code     8  startup_stm32f407xx.o(.text)
    ADC_IRQHandler                           0x08000267   Thumb Code     0  startup_stm32f407xx.o(.text)
    CAN1_RX0_IRQHandler                      0x08000267   Thumb Code     0  startup_stm32f407xx.o(.text)
    CAN1_RX1_IRQHandler                      0x08000267   Thumb Code     0  startup_stm32f407xx.o(.text)
    CAN1_SCE_IRQHandler                      0x08000267   Thumb Code     0  startup_stm32f407xx.o(.text)
    CAN1_TX_IRQHandler                       0x08000267   Thumb Code     0  startup_stm32f407xx.o(.text)
    CAN2_RX0_IRQHandler                      0x08000267   Thumb Code     0  startup_stm32f407xx.o(.text)
    CAN2_RX1_IRQHandler                      0x08000267   Thumb Code     0  startup_stm32f407xx.o(.text)
    CAN2_SCE_IRQHandler                      0x08000267   Thumb Code     0  startup_stm32f407xx.o(.text)
    CAN2_TX_IRQHandler                       0x08000267   Thumb Code     0  startup_stm32f407xx.o(.text)
    DCMI_IRQHandler                          0x08000267   Thumb Code     0  startup_stm32f407xx.o(.text)
    DMA1_Stream0_IRQHandler                  0x08000267   Thumb Code     0  startup_stm32f407xx.o(.text)
    DMA1_Stream1_IRQHandler                  0x08000267   Thumb Code     0  startup_stm32f407xx.o(.text)
    DMA1_Stream2_IRQHandler                  0x08000267   Thumb Code     0  startup_stm32f407xx.o(.text)
    DMA1_Stream3_IRQHandler                  0x08000267   Thumb Code     0  startup_stm32f407xx.o(.text)
    DMA1_Stream4_IRQHandler                  0x08000267   Thumb Code     0  startup_stm32f407xx.o(.text)
    DMA1_Stream6_IRQHandler                  0x08000267   Thumb Code     0  startup_stm32f407xx.o(.text)
    DMA1_Stream7_IRQHandler                  0x08000267   Thumb Code     0  startup_stm32f407xx.o(.text)
    DMA2_Stream0_IRQHandler                  0x08000267   Thumb Code     0  startup_stm32f407xx.o(.text)
    DMA2_Stream1_IRQHandler                  0x08000267   Thumb Code     0  startup_stm32f407xx.o(.text)
    DMA2_Stream2_IRQHandler                  0x08000267   Thumb Code     0  startup_stm32f407xx.o(.text)
    DMA2_Stream3_IRQHandler                  0x08000267   Thumb Code     0  startup_stm32f407xx.o(.text)
    DMA2_Stream4_IRQHandler                  0x08000267   Thumb Code     0  startup_stm32f407xx.o(.text)
    DMA2_Stream5_IRQHandler                  0x08000267   Thumb Code     0  startup_stm32f407xx.o(.text)
    DMA2_Stream6_IRQHandler                  0x08000267   Thumb Code     0  startup_stm32f407xx.o(.text)
    DMA2_Stream7_IRQHandler                  0x08000267   Thumb Code     0  startup_stm32f407xx.o(.text)
    ETH_IRQHandler                           0x08000267   Thumb Code     0  startup_stm32f407xx.o(.text)
    ETH_WKUP_IRQHandler                      0x08000267   Thumb Code     0  startup_stm32f407xx.o(.text)
    EXTI15_10_IRQHandler                     0x08000267   Thumb Code     0  startup_stm32f407xx.o(.text)
    EXTI1_IRQHandler                         0x08000267   Thumb Code     0  startup_stm32f407xx.o(.text)
    EXTI2_IRQHandler                         0x08000267   Thumb Code     0  startup_stm32f407xx.o(.text)
    EXTI3_IRQHandler                         0x08000267   Thumb Code     0  startup_stm32f407xx.o(.text)
    EXTI4_IRQHandler                         0x08000267   Thumb Code     0  startup_stm32f407xx.o(.text)
    EXTI9_5_IRQHandler                       0x08000267   Thumb Code     0  startup_stm32f407xx.o(.text)
    FLASH_IRQHandler                         0x08000267   Thumb Code     0  startup_stm32f407xx.o(.text)
    FMC_IRQHandler                           0x08000267   Thumb Code     0  startup_stm32f407xx.o(.text)
    FPU_IRQHandler                           0x08000267   Thumb Code     0  startup_stm32f407xx.o(.text)
    HASH_RNG_IRQHandler                      0x08000267   Thumb Code     0  startup_stm32f407xx.o(.text)
    I2C1_ER_IRQHandler                       0x08000267   Thumb Code     0  startup_stm32f407xx.o(.text)
    I2C1_EV_IRQHandler                       0x08000267   Thumb Code     0  startup_stm32f407xx.o(.text)
    I2C2_ER_IRQHandler                       0x08000267   Thumb Code     0  startup_stm32f407xx.o(.text)
    I2C2_EV_IRQHandler                       0x08000267   Thumb Code     0  startup_stm32f407xx.o(.text)
    I2C3_ER_IRQHandler                       0x08000267   Thumb Code     0  startup_stm32f407xx.o(.text)
    I2C3_EV_IRQHandler                       0x08000267   Thumb Code     0  startup_stm32f407xx.o(.text)
    OTG_FS_IRQHandler                        0x08000267   Thumb Code     0  startup_stm32f407xx.o(.text)
    OTG_FS_WKUP_IRQHandler                   0x08000267   Thumb Code     0  startup_stm32f407xx.o(.text)
    OTG_HS_EP1_IN_IRQHandler                 0x08000267   Thumb Code     0  startup_stm32f407xx.o(.text)
    OTG_HS_EP1_OUT_IRQHandler                0x08000267   Thumb Code     0  startup_stm32f407xx.o(.text)
    OTG_HS_IRQHandler                        0x08000267   Thumb Code     0  startup_stm32f407xx.o(.text)
    OTG_HS_WKUP_IRQHandler                   0x08000267   Thumb Code     0  startup_stm32f407xx.o(.text)
    PVD_IRQHandler                           0x08000267   Thumb Code     0  startup_stm32f407xx.o(.text)
    RCC_IRQHandler                           0x08000267   Thumb Code     0  startup_stm32f407xx.o(.text)
    RTC_Alarm_IRQHandler                     0x08000267   Thumb Code     0  startup_stm32f407xx.o(.text)
    RTC_WKUP_IRQHandler                      0x08000267   Thumb Code     0  startup_stm32f407xx.o(.text)
    SDIO_IRQHandler                          0x08000267   Thumb Code     0  startup_stm32f407xx.o(.text)
    SPI1_IRQHandler                          0x08000267   Thumb Code     0  startup_stm32f407xx.o(.text)
    SPI2_IRQHandler                          0x08000267   Thumb Code     0  startup_stm32f407xx.o(.text)
    SPI3_IRQHandler                          0x08000267   Thumb Code     0  startup_stm32f407xx.o(.text)
    TAMP_STAMP_IRQHandler                    0x08000267   Thumb Code     0  startup_stm32f407xx.o(.text)
    TIM1_BRK_TIM9_IRQHandler                 0x08000267   Thumb Code     0  startup_stm32f407xx.o(.text)
    TIM1_CC_IRQHandler                       0x08000267   Thumb Code     0  startup_stm32f407xx.o(.text)
    TIM1_TRG_COM_TIM11_IRQHandler            0x08000267   Thumb Code     0  startup_stm32f407xx.o(.text)
    TIM1_UP_TIM10_IRQHandler                 0x08000267   Thumb Code     0  startup_stm32f407xx.o(.text)
    TIM2_IRQHandler                          0x08000267   Thumb Code     0  startup_stm32f407xx.o(.text)
    TIM5_IRQHandler                          0x08000267   Thumb Code     0  startup_stm32f407xx.o(.text)
    TIM6_DAC_IRQHandler                      0x08000267   Thumb Code     0  startup_stm32f407xx.o(.text)
    TIM7_IRQHandler                          0x08000267   Thumb Code     0  startup_stm32f407xx.o(.text)
    TIM8_BRK_TIM12_IRQHandler                0x08000267   Thumb Code     0  startup_stm32f407xx.o(.text)
    TIM8_CC_IRQHandler                       0x08000267   Thumb Code     0  startup_stm32f407xx.o(.text)
    TIM8_TRG_COM_TIM14_IRQHandler            0x08000267   Thumb Code     0  startup_stm32f407xx.o(.text)
    TIM8_UP_TIM13_IRQHandler                 0x08000267   Thumb Code     0  startup_stm32f407xx.o(.text)
    UART4_IRQHandler                         0x08000267   Thumb Code     0  startup_stm32f407xx.o(.text)
    UART5_IRQHandler                         0x08000267   Thumb Code     0  startup_stm32f407xx.o(.text)
    USART1_IRQHandler                        0x08000267   Thumb Code     0  startup_stm32f407xx.o(.text)
    USART3_IRQHandler                        0x08000267   Thumb Code     0  startup_stm32f407xx.o(.text)
    USART6_IRQHandler                        0x08000267   Thumb Code     0  startup_stm32f407xx.o(.text)
    WWDG_IRQHandler                          0x08000267   Thumb Code     0  startup_stm32f407xx.o(.text)
    __user_initial_stackheap                 0x08000269   Thumb Code     0  startup_stm32f407xx.o(.text)
    __aeabi_uldivmod                         0x0800028d   Thumb Code     0  lludivv7m.o(.text)
    _ll_udiv                                 0x0800028d   Thumb Code   238  lludivv7m.o(.text)
    __2printf                                0x0800037d   Thumb Code    20  noretval__2printf.o(.text)
    _printf_int_dec                          0x08000395   Thumb Code   104  _printf_dec.o(.text)
    __printf                                 0x0800040d   Thumb Code   184  __printf_ss.o(.text)
    __aeabi_memcpy                           0x080004c5   Thumb Code     0  rt_memcpy_v6.o(.text)
    __rt_memcpy                              0x080004c5   Thumb Code   138  rt_memcpy_v6.o(.text)
    _memcpy_lastbytes                        0x0800052b   Thumb Code     0  rt_memcpy_v6.o(.text)
    __aeabi_memclr4                          0x0800054f   Thumb Code     0  rt_memclr_w.o(.text)
    __aeabi_memclr8                          0x0800054f   Thumb Code     0  rt_memclr_w.o(.text)
    __rt_memclr_w                            0x0800054f   Thumb Code    78  rt_memclr_w.o(.text)
    _memset_w                                0x08000553   Thumb Code     0  rt_memclr_w.o(.text)
    __use_two_region_memory                  0x0800059d   Thumb Code     2  heapauxi.o(.text)
    __rt_heap_escrow$2region                 0x0800059f   Thumb Code     2  heapauxi.o(.text)
    __rt_heap_expand$2region                 0x080005a1   Thumb Code     2  heapauxi.o(.text)
    _printf_int_common                       0x080005a3   Thumb Code   178  _printf_intcommon.o(.text)
    __lib_sel_fp_printf                      0x08000655   Thumb Code     2  _printf_fp_dec.o(.text)
    _printf_fp_dec_real                      0x08000807   Thumb Code   620  _printf_fp_dec.o(.text)
    _printf_char_file                        0x08000a75   Thumb Code    32  _printf_char_file.o(.text)
    __aeabi_memcpy4                          0x08000a99   Thumb Code     0  rt_memcpy_w.o(.text)
    __aeabi_memcpy8                          0x08000a99   Thumb Code     0  rt_memcpy_w.o(.text)
    __rt_memcpy_w                            0x08000a99   Thumb Code   100  rt_memcpy_w.o(.text)
    _memcpy_lastbytes_aligned                0x08000ae1   Thumb Code     0  rt_memcpy_w.o(.text)
    __rt_locale                              0x08000afd   Thumb Code     8  rt_locale_intlibspace.o(.text)
    _ll_udiv10                               0x08000b05   Thumb Code   138  lludiv10.o(.text)
    _printf_char_common                      0x08000b9b   Thumb Code    32  _printf_char_common.o(.text)
    _printf_fp_infnan                        0x08000bc1   Thumb Code   112  _printf_fp_infnan.o(.text)
    _btod_etento                             0x08000c41   Thumb Code   224  bigflt0.o(.text)
    ferror                                   0x08000d25   Thumb Code     8  ferror.o(.text)
    __user_libspace                          0x08000d2d   Thumb Code     8  libspace.o(.text)
    __user_perproc_libspace                  0x08000d2d   Thumb Code     0  libspace.o(.text)
    __user_perthread_libspace                0x08000d2d   Thumb Code     0  libspace.o(.text)
    __user_setup_stackheap                   0x08000d35   Thumb Code    74  sys_stackheap_outer.o(.text)
    exit                                     0x08000d7f   Thumb Code    18  exit.o(.text)
    strcmp                                   0x08000d91   Thumb Code   128  strcmpv7m.o(.text)
    _sys_exit                                0x08000e11   Thumb Code     8  sys_exit.o(.text)
    __I$use$semihosting                      0x08000e1d   Thumb Code     0  use_no_semi.o(.text)
    __use_no_semihosting_swi                 0x08000e1d   Thumb Code     2  use_no_semi.o(.text)
    __semihosting_library_function           0x08000e1f   Thumb Code     0  indicate_semi.o(.text)
    _btod_d2e                                0x08000e1f   Thumb Code    62  btod.o(CL$$btod_d2e)
    _d2e_denorm_low                          0x08000e5d   Thumb Code    70  btod.o(CL$$btod_d2e_denorm_low)
    _d2e_norm_op1                            0x08000ea3   Thumb Code    96  btod.o(CL$$btod_d2e_norm_op1)
    __btod_div_common                        0x08000f03   Thumb Code   696  btod.o(CL$$btod_div_common)
    _e2e                                     0x0800123b   Thumb Code   220  btod.o(CL$$btod_e2e)
    _btod_ediv                               0x08001317   Thumb Code    42  btod.o(CL$$btod_ediv)
    _btod_emul                               0x08001341   Thumb Code    42  btod.o(CL$$btod_emul)
    __btod_mult_common                       0x0800136b   Thumb Code   580  btod.o(CL$$btod_mult_common)
    BusFault_Handler                         0x080015af   Thumb Code     2  stm32f4xx_it.o(i.BusFault_Handler)
    DMA1_Stream5_IRQHandler                  0x080015b1   Thumb Code     6  stm32f4xx_it.o(i.DMA1_Stream5_IRQHandler)
    DebugMon_Handler                         0x08001639   Thumb Code     2  stm32f4xx_it.o(i.DebugMon_Handler)
    EXTI0_IRQHandler                         0x0800163d   Thumb Code    80  exti.o(i.EXTI0_IRQHandler)
    EXTI_Config                              0x080016a9   Thumb Code    90  exti.o(i.EXTI_Config)
    Error_Handler                            0x08001719   Thumb Code     4  main.o(i.Error_Handler)
    HAL_DMA_Abort                            0x0800171d   Thumb Code   146  stm32f4xx_hal_dma.o(i.HAL_DMA_Abort)
    HAL_DMA_Abort_IT                         0x080017af   Thumb Code    36  stm32f4xx_hal_dma.o(i.HAL_DMA_Abort_IT)
    HAL_DMA_IRQHandler                       0x080017d5   Thumb Code   412  stm32f4xx_hal_dma.o(i.HAL_DMA_IRQHandler)
    HAL_DMA_Init                             0x08001975   Thumb Code   206  stm32f4xx_hal_dma.o(i.HAL_DMA_Init)
    HAL_GPIO_Init                            0x08001a49   Thumb Code   450  stm32f4xx_hal_gpio.o(i.HAL_GPIO_Init)
    HAL_GetTick                              0x08001c39   Thumb Code     6  stm32f4xx_hal.o(i.HAL_GetTick)
    HAL_IncTick                              0x08001c45   Thumb Code    12  stm32f4xx_hal.o(i.HAL_IncTick)
    HAL_Init                                 0x08001c55   Thumb Code    48  stm32f4xx_hal.o(i.HAL_Init)
    HAL_InitTick                             0x08001c89   Thumb Code    54  stm32f4xx_hal.o(i.HAL_InitTick)
    HAL_MspInit                              0x08001cc9   Thumb Code    48  stm32f4xx_hal_msp.o(i.HAL_MspInit)
    HAL_NVIC_EnableIRQ                       0x08001cfd   Thumb Code    26  stm32f4xx_hal_cortex.o(i.HAL_NVIC_EnableIRQ)
    HAL_NVIC_SetPriority                     0x08001d19   Thumb Code    60  stm32f4xx_hal_cortex.o(i.HAL_NVIC_SetPriority)
    HAL_NVIC_SetPriorityGrouping             0x08001d59   Thumb Code    26  stm32f4xx_hal_cortex.o(i.HAL_NVIC_SetPriorityGrouping)
    HAL_RCC_ClockConfig                      0x08001d7d   Thumb Code   288  stm32f4xx_hal_rcc.o(i.HAL_RCC_ClockConfig)
    HAL_RCC_GetPCLK1Freq                     0x08001eb1   Thumb Code    20  stm32f4xx_hal_rcc.o(i.HAL_RCC_GetPCLK1Freq)
    HAL_RCC_GetPCLK2Freq                     0x08001ed1   Thumb Code    20  stm32f4xx_hal_rcc.o(i.HAL_RCC_GetPCLK2Freq)
    HAL_RCC_GetSysClockFreq                  0x08001ef1   Thumb Code    88  stm32f4xx_hal_rcc.o(i.HAL_RCC_GetSysClockFreq)
    HAL_RCC_OscConfig                        0x08001f51   Thumb Code   856  stm32f4xx_hal_rcc.o(i.HAL_RCC_OscConfig)
    HAL_SYSTICK_Config                       0x080022bd   Thumb Code    40  stm32f4xx_hal_cortex.o(i.HAL_SYSTICK_Config)
    HAL_UARTEx_RxEventCallback               0x080022e5   Thumb Code     2  stm32f4xx_hal_uart.o(i.HAL_UARTEx_RxEventCallback)
    HAL_UART_ErrorCallback                   0x080022e7   Thumb Code     2  stm32f4xx_hal_uart.o(i.HAL_UART_ErrorCallback)
    HAL_UART_IRQHandler                      0x080022e9   Thumb Code   610  stm32f4xx_hal_uart.o(i.HAL_UART_IRQHandler)
    HAL_UART_Init                            0x08002551   Thumb Code    98  stm32f4xx_hal_uart.o(i.HAL_UART_Init)
    HAL_UART_MspInit                         0x080025b5   Thumb Code   156  stm32f4xx_hal_msp.o(i.HAL_UART_MspInit)
    HAL_UART_Receive_IT                      0x08002665   Thumb Code    42  stm32f4xx_hal_uart.o(i.HAL_UART_Receive_IT)
    HAL_UART_RxCpltCallback                  0x08002691   Thumb Code    34  main.o(i.HAL_UART_RxCpltCallback)
    HAL_UART_TxCpltCallback                  0x080026b9   Thumb Code     2  stm32f4xx_hal_uart.o(i.HAL_UART_TxCpltCallback)
    HardFault_Handler                        0x080026bb   Thumb Code     2  stm32f4xx_it.o(i.HardFault_Handler)
    MemManage_Handler                        0x080026bd   Thumb Code     2  stm32f4xx_it.o(i.MemManage_Handler)
    NMI_Handler                              0x080026bf   Thumb Code     2  stm32f4xx_it.o(i.NMI_Handler)
    PendSV_Handler                           0x080026c1   Thumb Code     2  stm32f4xx_it.o(i.PendSV_Handler)
    SVC_Handler                              0x080026c3   Thumb Code     2  stm32f4xx_it.o(i.SVC_Handler)
    SysTick_Handler                          0x080026c5   Thumb Code     4  stm32f4xx_it.o(i.SysTick_Handler)
    SystemClock_Config                       0x080026c9   Thumb Code   140  main.o(i.SystemClock_Config)
    SystemInit                               0x0800275d   Thumb Code    12  system_stm32f4xx.o(i.SystemInit)
    TIM3_Config                              0x0800276d   Thumb Code    70  tim3config.o(i.TIM3_Config)
    TIM3_IRQHandler                          0x080027bd   Thumb Code    30  main.o(i.TIM3_IRQHandler)
    TIM4_Config                              0x080027f5   Thumb Code    68  tim4config.o(i.TIM4_Config)
    TIM4_IRQHandler                          0x08002841   Thumb Code    20  tim4config.o(i.TIM4_IRQHandler)
    UART_Start_Receive_IT                    0x08002a89   Thumb Code    54  stm32f4xx_hal_uart.o(i.UART_Start_Receive_IT)
    USART2_IRQHandler                        0x08002ac1   Thumb Code     6  stm32f4xx_it.o(i.USART2_IRQHandler)
    UsageFault_Handler                       0x08002acd   Thumb Code     2  stm32f4xx_it.o(i.UsageFault_Handler)
    __ARM_fpclassify                         0x08002acf   Thumb Code    48  fpclassify.o(i.__ARM_fpclassify)
    checkDirection                           0x08002b21   Thumb Code    18  exti.o(i.checkDirection)
    fputc                                    0x08002b39   Thumb Code    12  main.o(i.fputc)
    handlePacket                             0x08002b45   Thumb Code   314  main.o(i.handlePacket)
    main                                     0x08002c9d   Thumb Code   160  main.o(i.main)
    uart2_write                              0x08002d4d   Thumb Code    18  uart2.o(i.uart2_write)
    _get_lc_numeric                          0x08002d65   Thumb Code    44  lc_numeric_c.o(locale$$code)
    __aeabi_dadd                             0x08002d91   Thumb Code     0  daddsub_clz.o(x$fpl$dadd)
    _dadd                                    0x08002d91   Thumb Code   332  daddsub_clz.o(x$fpl$dadd)
    __aeabi_ddiv                             0x08002ee1   Thumb Code     0  ddiv.o(x$fpl$ddiv)
    _ddiv                                    0x08002ee1   Thumb Code   552  ddiv.o(x$fpl$ddiv)
    __aeabi_i2d                              0x08003191   Thumb Code     0  dflt_clz.o(x$fpl$dflt)
    _dflt                                    0x08003191   Thumb Code    46  dflt_clz.o(x$fpl$dflt)
    __aeabi_dmul                             0x080031c1   Thumb Code     0  dmul.o(x$fpl$dmul)
    _dmul                                    0x080031c1   Thumb Code   332  dmul.o(x$fpl$dmul)
    __fpl_dnaninf                            0x08003315   Thumb Code   156  dnaninf.o(x$fpl$dnaninf)
    __fpl_dretinf                            0x080033b1   Thumb Code    12  dretinf.o(x$fpl$dretinf)
    __aeabi_dsub                             0x080033bd   Thumb Code     0  daddsub_clz.o(x$fpl$dsub)
    _dsub                                    0x080033bd   Thumb Code   464  daddsub_clz.o(x$fpl$dsub)
    _fp_init                                 0x08003591   Thumb Code    10  fpinit.o(x$fpl$fpinit)
    __fplib_config_fpu_vfp                   0x08003599   Thumb Code     0  fpinit.o(x$fpl$fpinit)
    __fplib_config_pureend_doubles           0x08003599   Thumb Code     0  fpinit.o(x$fpl$fpinit)
    _printf_fp_dec                           0x0800359b   Thumb Code     4  printf1.o(x$fpl$printf1)
    __I$use$fp                               0x0800359e   Number         0  usenofp.o(x$fpl$usenofp)
    AHBPrescTable                            0x080035a6   Data          16  system_stm32f4xx.o(.constdata)
    APBPrescTable                            0x080035b6   Data           8  system_stm32f4xx.o(.constdata)
    Region$$Table$$Base                      0x08003698   Number         0  anon$$obj.o(Region$$Table)
    Region$$Table$$Limit                     0x080036b8   Number         0  anon$$obj.o(Region$$Table)
    parkingCmd                               0x20000000   Data           1  main.o(.data)
    pivotCmd                                 0x20000001   Data           1  main.o(.data)
    brakeCmd                                 0x20000002   Data           1  main.o(.data)
    rCmd                                     0x20000003   Data           2  main.o(.data)
    lCmd                                     0x20000005   Data           2  main.o(.data)
    millis                                   0x20000008   Data           4  main.o(.data)
    tp                                       0x2000000c   Data           4  main.o(.data)
    counter                                  0x20000010   Data           4  main.o(.data)
    lightsCmd                                0x20000014   Data           4  main.o(.data)
    angleRef                                 0x20000018   Data           8  main.o(.data)
    angle                                    0x20000020   Data           8  main.o(.data)
    dir                                      0x20000028   Data           4  main.o(.data)
    __stdout                                 0x2000002c   Data           4  main.o(.data)
    uwTickFreq                               0x20000030   Data           1  stm32f4xx_hal.o(.data)
    uwTickPrio                               0x20000034   Data           4  stm32f4xx_hal.o(.data)
    uwTick                                   0x20000038   Data           4  stm32f4xx_hal.o(.data)
    SystemCoreClock                          0x2000003c   Data           4  system_stm32f4xx.o(.data)
    huart2                                   0x20000040   Data          68  main.o(.bss)
    RxData                                   0x20000084   Data          37  main.o(.bss)
    x                                        0x200000a9   Data          38  main.o(.bss)
    hdma_usart2_rx                           0x200000d0   Data          96  main.o(.bss)
    __libspace_start                         0x20000130   Data          96  libspace.o(.bss)
    __temporary_stack_top$libspace           0x20000190   Data           0  libspace.o(.bss)



==============================================================================

Memory Map of the image

  Image Entry point : 0x08000189

  Load Region LR_IROM1 (Base: 0x08000000, Size: 0x00003714, Max: 0x00100000, ABSOLUTE)

    Execution Region ER_IROM1 (Exec base: 0x08000000, Load base: 0x08000000, Size: 0x000036d4, Max: 0x00100000, ABSOLUTE)

    Exec Addr    Load Addr    Size         Type   Attr      Idx    E Section Name        Object

    0x08000000   0x08000000   0x00000188   Data   RO            3    RESET               startup_stm32f407xx.o
    0x08000188   0x08000188   0x00000008   Code   RO         2072  * !!!main             c_w.l(__main.o)
    0x08000190   0x08000190   0x00000034   Code   RO         2326    !!!scatter          c_w.l(__scatter.o)
    0x080001c4   0x080001c4   0x0000001a   Code   RO         2328    !!handler_copy      c_w.l(__scatter_copy.o)
    0x080001de   0x080001de   0x00000002   PAD
    0x080001e0   0x080001e0   0x0000001c   Code   RO         2330    !!handler_zi        c_w.l(__scatter_zi.o)
    0x080001fc   0x080001fc   0x00000000   Code   RO         2065    .ARM.Collect$$_printf_percent$$00000000  c_w.l(_printf_percent.o)
    0x080001fc   0x080001fc   0x00000006   Code   RO         2064    .ARM.Collect$$_printf_percent$$00000003  c_w.l(_printf_f.o)
    0x08000202   0x08000202   0x00000006   Code   RO         2062    .ARM.Collect$$_printf_percent$$00000009  c_w.l(_printf_d.o)
    0x08000208   0x08000208   0x00000006   Code   RO         2063    .ARM.Collect$$_printf_percent$$0000000A  c_w.l(_printf_u.o)
    0x0800020e   0x0800020e   0x00000004   Code   RO         2105    .ARM.Collect$$_printf_percent$$00000017  c_w.l(_printf_percent_end.o)
    0x08000212   0x08000212   0x00000002   Code   RO         2197    .ARM.Collect$$libinit$$00000000  c_w.l(libinit.o)
    0x08000214   0x08000214   0x00000004   Code   RO         2198    .ARM.Collect$$libinit$$00000001  c_w.l(libinit2.o)
    0x08000218   0x08000218   0x00000000   Code   RO         2201    .ARM.Collect$$libinit$$00000004  c_w.l(libinit2.o)
    0x08000218   0x08000218   0x00000000   Code   RO         2204    .ARM.Collect$$libinit$$0000000A  c_w.l(libinit2.o)
    0x08000218   0x08000218   0x00000000   Code   RO         2206    .ARM.Collect$$libinit$$0000000C  c_w.l(libinit2.o)
    0x08000218   0x08000218   0x00000000   Code   RO         2208    .ARM.Collect$$libinit$$0000000E  c_w.l(libinit2.o)
    0x08000218   0x08000218   0x00000006   Code   RO         2209    .ARM.Collect$$libinit$$0000000F  c_w.l(libinit2.o)
    0x0800021e   0x0800021e   0x00000000   Code   RO         2211    .ARM.Collect$$libinit$$00000011  c_w.l(libinit2.o)
    0x0800021e   0x0800021e   0x00000000   Code   RO         2213    .ARM.Collect$$libinit$$00000013  c_w.l(libinit2.o)
    0x0800021e   0x0800021e   0x00000000   Code   RO         2215    .ARM.Collect$$libinit$$00000015  c_w.l(libinit2.o)
    0x0800021e   0x0800021e   0x0000000a   Code   RO         2216    .ARM.Collect$$libinit$$00000016  c_w.l(libinit2.o)
    0x08000228   0x08000228   0x00000000   Code   RO         2217    .ARM.Collect$$libinit$$00000017  c_w.l(libinit2.o)
    0x08000228   0x08000228   0x00000000   Code   RO         2219    .ARM.Collect$$libinit$$00000019  c_w.l(libinit2.o)
    0x08000228   0x08000228   0x00000000   Code   RO         2221    .ARM.Collect$$libinit$$0000001B  c_w.l(libinit2.o)
    0x08000228   0x08000228   0x00000000   Code   RO         2223    .ARM.Collect$$libinit$$0000001D  c_w.l(libinit2.o)
    0x08000228   0x08000228   0x00000000   Code   RO         2225    .ARM.Collect$$libinit$$0000001F  c_w.l(libinit2.o)
    0x08000228   0x08000228   0x00000000   Code   RO         2227    .ARM.Collect$$libinit$$00000021  c_w.l(libinit2.o)
    0x08000228   0x08000228   0x00000000   Code   RO         2229    .ARM.Collect$$libinit$$00000023  c_w.l(libinit2.o)
    0x08000228   0x08000228   0x00000000   Code   RO         2231    .ARM.Collect$$libinit$$00000025  c_w.l(libinit2.o)
    0x08000228   0x08000228   0x00000000   Code   RO         2235    .ARM.Collect$$libinit$$0000002C  c_w.l(libinit2.o)
    0x08000228   0x08000228   0x00000000   Code   RO         2237    .ARM.Collect$$libinit$$0000002E  c_w.l(libinit2.o)
    0x08000228   0x08000228   0x00000000   Code   RO         2239    .ARM.Collect$$libinit$$00000030  c_w.l(libinit2.o)
    0x08000228   0x08000228   0x00000000   Code   RO         2241    .ARM.Collect$$libinit$$00000032  c_w.l(libinit2.o)
    0x08000228   0x08000228   0x00000002   Code   RO         2242    .ARM.Collect$$libinit$$00000033  c_w.l(libinit2.o)
    0x0800022a   0x0800022a   0x00000002   Code   RO         2289    .ARM.Collect$$libshutdown$$00000000  c_w.l(libshutdown.o)
    0x0800022c   0x0800022c   0x00000000   Code   RO         2307    .ARM.Collect$$libshutdown$$00000002  c_w.l(libshutdown2.o)
    0x0800022c   0x0800022c   0x00000000   Code   RO         2309    .ARM.Collect$$libshutdown$$00000004  c_w.l(libshutdown2.o)
    0x0800022c   0x0800022c   0x00000000   Code   RO         2311    .ARM.Collect$$libshutdown$$00000006  c_w.l(libshutdown2.o)
    0x0800022c   0x0800022c   0x00000000   Code   RO         2314    .ARM.Collect$$libshutdown$$00000009  c_w.l(libshutdown2.o)
    0x0800022c   0x0800022c   0x00000000   Code   RO         2317    .ARM.Collect$$libshutdown$$0000000C  c_w.l(libshutdown2.o)
    0x0800022c   0x0800022c   0x00000000   Code   RO         2319    .ARM.Collect$$libshutdown$$0000000E  c_w.l(libshutdown2.o)
    0x0800022c   0x0800022c   0x00000000   Code   RO         2322    .ARM.Collect$$libshutdown$$00000011  c_w.l(libshutdown2.o)
    0x0800022c   0x0800022c   0x00000002   Code   RO         2323    .ARM.Collect$$libshutdown$$00000012  c_w.l(libshutdown2.o)
    0x0800022e   0x0800022e   0x00000000   Code   RO         2094    .ARM.Collect$$rtentry$$00000000  c_w.l(__rtentry.o)
    0x0800022e   0x0800022e   0x00000000   Code   RO         2114    .ARM.Collect$$rtentry$$00000002  c_w.l(__rtentry2.o)
    0x0800022e   0x0800022e   0x00000006   Code   RO         2126    .ARM.Collect$$rtentry$$00000004  c_w.l(__rtentry4.o)
    0x08000234   0x08000234   0x00000000   Code   RO         2116    .ARM.Collect$$rtentry$$00000009  c_w.l(__rtentry2.o)
    0x08000234   0x08000234   0x00000004   Code   RO         2117    .ARM.Collect$$rtentry$$0000000A  c_w.l(__rtentry2.o)
    0x08000238   0x08000238   0x00000000   Code   RO         2119    .ARM.Collect$$rtentry$$0000000C  c_w.l(__rtentry2.o)
    0x08000238   0x08000238   0x00000008   Code   RO         2120    .ARM.Collect$$rtentry$$0000000D  c_w.l(__rtentry2.o)
    0x08000240   0x08000240   0x00000002   Code   RO         2243    .ARM.Collect$$rtexit$$00000000  c_w.l(rtexit.o)
    0x08000242   0x08000242   0x00000000   Code   RO         2258    .ARM.Collect$$rtexit$$00000002  c_w.l(rtexit2.o)
    0x08000242   0x08000242   0x00000004   Code   RO         2259    .ARM.Collect$$rtexit$$00000003  c_w.l(rtexit2.o)
    0x08000246   0x08000246   0x00000006   Code   RO         2260    .ARM.Collect$$rtexit$$00000004  c_w.l(rtexit2.o)
    0x0800024c   0x0800024c   0x00000040   Code   RO            4    .text               startup_stm32f407xx.o
    0x0800028c   0x0800028c   0x000000ee   Code   RO         2032    .text               c_w.l(lludivv7m.o)
    0x0800037a   0x0800037a   0x00000002   PAD
    0x0800037c   0x0800037c   0x00000018   Code   RO         2036    .text               c_w.l(noretval__2printf.o)
    0x08000394   0x08000394   0x00000078   Code   RO         2040    .text               c_w.l(_printf_dec.o)
    0x0800040c   0x0800040c   0x000000b8   Code   RO         2045    .text               c_w.l(__printf_ss.o)
    0x080004c4   0x080004c4   0x0000008a   Code   RO         2066    .text               c_w.l(rt_memcpy_v6.o)
    0x0800054e   0x0800054e   0x0000004e   Code   RO         2068    .text               c_w.l(rt_memclr_w.o)
    0x0800059c   0x0800059c   0x00000006   Code   RO         2070    .text               c_w.l(heapauxi.o)
    0x080005a2   0x080005a2   0x000000b2   Code   RO         2099    .text               c_w.l(_printf_intcommon.o)
    0x08000654   0x08000654   0x0000041e   Code   RO         2101    .text               c_w.l(_printf_fp_dec.o)
    0x08000a72   0x08000a72   0x00000002   PAD
    0x08000a74   0x08000a74   0x00000024   Code   RO         2103    .text               c_w.l(_printf_char_file.o)
    0x08000a98   0x08000a98   0x00000064   Code   RO         2106    .text               c_w.l(rt_memcpy_w.o)
    0x08000afc   0x08000afc   0x00000008   Code   RO         2133    .text               c_w.l(rt_locale_intlibspace.o)
    0x08000b04   0x08000b04   0x0000008a   Code   RO         2135    .text               c_w.l(lludiv10.o)
    0x08000b8e   0x08000b8e   0x00000002   PAD
    0x08000b90   0x08000b90   0x00000030   Code   RO         2137    .text               c_w.l(_printf_char_common.o)
    0x08000bc0   0x08000bc0   0x00000080   Code   RO         2139    .text               c_w.l(_printf_fp_infnan.o)
    0x08000c40   0x08000c40   0x000000e4   Code   RO         2141    .text               c_w.l(bigflt0.o)
    0x08000d24   0x08000d24   0x00000008   Code   RO         2166    .text               c_w.l(ferror.o)
    0x08000d2c   0x08000d2c   0x00000008   Code   RO         2177    .text               c_w.l(libspace.o)
    0x08000d34   0x08000d34   0x0000004a   Code   RO         2180    .text               c_w.l(sys_stackheap_outer.o)
    0x08000d7e   0x08000d7e   0x00000012   Code   RO         2184    .text               c_w.l(exit.o)
    0x08000d90   0x08000d90   0x00000080   Code   RO         2190    .text               c_w.l(strcmpv7m.o)
    0x08000e10   0x08000e10   0x0000000c   Code   RO         2255    .text               c_w.l(sys_exit.o)
    0x08000e1c   0x08000e1c   0x00000002   Code   RO         2276    .text               c_w.l(use_no_semi.o)
    0x08000e1e   0x08000e1e   0x00000000   Code   RO         2278    .text               c_w.l(indicate_semi.o)
    0x08000e1e   0x08000e1e   0x0000003e   Code   RO         2144    CL$$btod_d2e        c_w.l(btod.o)
    0x08000e5c   0x08000e5c   0x00000046   Code   RO         2146    CL$$btod_d2e_denorm_low  c_w.l(btod.o)
    0x08000ea2   0x08000ea2   0x00000060   Code   RO         2145    CL$$btod_d2e_norm_op1  c_w.l(btod.o)
    0x08000f02   0x08000f02   0x00000338   Code   RO         2154    CL$$btod_div_common  c_w.l(btod.o)
    0x0800123a   0x0800123a   0x000000dc   Code   RO         2151    CL$$btod_e2e        c_w.l(btod.o)
    0x08001316   0x08001316   0x0000002a   Code   RO         2148    CL$$btod_ediv       c_w.l(btod.o)
    0x08001340   0x08001340   0x0000002a   Code   RO         2147    CL$$btod_emul       c_w.l(btod.o)
    0x0800136a   0x0800136a   0x00000244   Code   RO         2153    CL$$btod_mult_common  c_w.l(btod.o)
    0x080015ae   0x080015ae   0x00000002   Code   RO          188    i.BusFault_Handler  stm32f4xx_it.o
    0x080015b0   0x080015b0   0x0000000c   Code   RO          189    i.DMA1_Stream5_IRQHandler  stm32f4xx_it.o
    0x080015bc   0x080015bc   0x00000028   Code   RO         1322    i.DMA_CalcBaseAndBitshift  stm32f4xx_hal_dma.o
    0x080015e4   0x080015e4   0x00000054   Code   RO         1323    i.DMA_CheckFifoParam  stm32f4xx_hal_dma.o
    0x08001638   0x08001638   0x00000002   Code   RO          190    i.DebugMon_Handler  stm32f4xx_it.o
    0x0800163a   0x0800163a   0x00000002   PAD
    0x0800163c   0x0800163c   0x0000006c   Code   RO          360    i.EXTI0_IRQHandler  exti.o
    0x080016a8   0x080016a8   0x00000070   Code   RO          361    i.EXTI_Config       exti.o
    0x08001718   0x08001718   0x00000004   Code   RO           13    i.Error_Handler     main.o
    0x0800171c   0x0800171c   0x00000092   Code   RO         1325    i.HAL_DMA_Abort     stm32f4xx_hal_dma.o
    0x080017ae   0x080017ae   0x00000024   Code   RO         1326    i.HAL_DMA_Abort_IT  stm32f4xx_hal_dma.o
    0x080017d2   0x080017d2   0x00000002   PAD
    0x080017d4   0x080017d4   0x000001a0   Code   RO         1330    i.HAL_DMA_IRQHandler  stm32f4xx_hal_dma.o
    0x08001974   0x08001974   0x000000d4   Code   RO         1331    i.HAL_DMA_Init      stm32f4xx_hal_dma.o
    0x08001a48   0x08001a48   0x000001f0   Code   RO         1218    i.HAL_GPIO_Init     stm32f4xx_hal_gpio.o
    0x08001c38   0x08001c38   0x0000000c   Code   RO         1750    i.HAL_GetTick       stm32f4xx_hal.o
    0x08001c44   0x08001c44   0x00000010   Code   RO         1756    i.HAL_IncTick       stm32f4xx_hal.o
    0x08001c54   0x08001c54   0x00000034   Code   RO         1757    i.HAL_Init          stm32f4xx_hal.o
    0x08001c88   0x08001c88   0x00000040   Code   RO         1758    i.HAL_InitTick      stm32f4xx_hal.o
    0x08001cc8   0x08001cc8   0x00000034   Code   RO          279    i.HAL_MspInit       stm32f4xx_hal_msp.o
    0x08001cfc   0x08001cfc   0x0000001a   Code   RO         1607    i.HAL_NVIC_EnableIRQ  stm32f4xx_hal_cortex.o
    0x08001d16   0x08001d16   0x00000002   PAD
    0x08001d18   0x08001d18   0x00000040   Code   RO         1613    i.HAL_NVIC_SetPriority  stm32f4xx_hal_cortex.o
    0x08001d58   0x08001d58   0x00000024   Code   RO         1614    i.HAL_NVIC_SetPriorityGrouping  stm32f4xx_hal_cortex.o
    0x08001d7c   0x08001d7c   0x00000134   Code   RO          864    i.HAL_RCC_ClockConfig  stm32f4xx_hal_rcc.o
    0x08001eb0   0x08001eb0   0x00000020   Code   RO          871    i.HAL_RCC_GetPCLK1Freq  stm32f4xx_hal_rcc.o
    0x08001ed0   0x08001ed0   0x00000020   Code   RO          872    i.HAL_RCC_GetPCLK2Freq  stm32f4xx_hal_rcc.o
    0x08001ef0   0x08001ef0   0x00000060   Code   RO          873    i.HAL_RCC_GetSysClockFreq  stm32f4xx_hal_rcc.o
    0x08001f50   0x08001f50   0x0000036c   Code   RO          876    i.HAL_RCC_OscConfig  stm32f4xx_hal_rcc.o
    0x080022bc   0x080022bc   0x00000028   Code   RO         1618    i.HAL_SYSTICK_Config  stm32f4xx_hal_cortex.o
    0x080022e4   0x080022e4   0x00000002   Code   RO          517    i.HAL_UARTEx_RxEventCallback  stm32f4xx_hal_uart.o
    0x080022e6   0x080022e6   0x00000002   Code   RO          531    i.HAL_UART_ErrorCallback  stm32f4xx_hal_uart.o
    0x080022e8   0x080022e8   0x00000268   Code   RO          534    i.HAL_UART_IRQHandler  stm32f4xx_hal_uart.o
    0x08002550   0x08002550   0x00000062   Code   RO          535    i.HAL_UART_Init     stm32f4xx_hal_uart.o
    0x080025b2   0x080025b2   0x00000002   PAD
    0x080025b4   0x080025b4   0x000000b0   Code   RO          281    i.HAL_UART_MspInit  stm32f4xx_hal_msp.o
    0x08002664   0x08002664   0x0000002a   Code   RO          540    i.HAL_UART_Receive_IT  stm32f4xx_hal_uart.o
    0x0800268e   0x0800268e   0x00000002   PAD
    0x08002690   0x08002690   0x00000028   Code   RO           14    i.HAL_UART_RxCpltCallback  main.o
    0x080026b8   0x080026b8   0x00000002   Code   RO          546    i.HAL_UART_TxCpltCallback  stm32f4xx_hal_uart.o
    0x080026ba   0x080026ba   0x00000002   Code   RO          191    i.HardFault_Handler  stm32f4xx_it.o
    0x080026bc   0x080026bc   0x00000002   Code   RO          192    i.MemManage_Handler  stm32f4xx_it.o
    0x080026be   0x080026be   0x00000002   Code   RO          193    i.NMI_Handler       stm32f4xx_it.o
    0x080026c0   0x080026c0   0x00000002   Code   RO          194    i.PendSV_Handler    stm32f4xx_it.o
    0x080026c2   0x080026c2   0x00000002   Code   RO          195    i.SVC_Handler       stm32f4xx_it.o
    0x080026c4   0x080026c4   0x00000004   Code   RO          196    i.SysTick_Handler   stm32f4xx_it.o
    0x080026c8   0x080026c8   0x00000094   Code   RO           15    i.SystemClock_Config  main.o
    0x0800275c   0x0800275c   0x00000010   Code   RO         1996    i.SystemInit        system_stm32f4xx.o
    0x0800276c   0x0800276c   0x00000050   Code   RO          442    i.TIM3_Config       tim3config.o
    0x080027bc   0x080027bc   0x00000038   Code   RO           16    i.TIM3_IRQHandler   main.o
    0x080027f4   0x080027f4   0x0000004c   Code   RO          404    i.TIM4_Config       tim4config.o
    0x08002840   0x08002840   0x0000001c   Code   RO          405    i.TIM4_IRQHandler   tim4config.o
    0x0800285c   0x0800285c   0x00000010   Code   RO          548    i.UART_DMAAbortOnError  stm32f4xx_hal_uart.o
    0x0800286c   0x0800286c   0x0000004e   Code   RO          558    i.UART_EndRxTransfer  stm32f4xx_hal_uart.o
    0x080028ba   0x080028ba   0x000000c0   Code   RO          560    i.UART_Receive_IT   stm32f4xx_hal_uart.o
    0x0800297a   0x0800297a   0x00000002   PAD
    0x0800297c   0x0800297c   0x0000010c   Code   RO          561    i.UART_SetConfig    stm32f4xx_hal_uart.o
    0x08002a88   0x08002a88   0x00000036   Code   RO          563    i.UART_Start_Receive_IT  stm32f4xx_hal_uart.o
    0x08002abe   0x08002abe   0x00000002   PAD
    0x08002ac0   0x08002ac0   0x0000000c   Code   RO          197    i.USART2_IRQHandler  stm32f4xx_it.o
    0x08002acc   0x08002acc   0x00000002   Code   RO          198    i.UsageFault_Handler  stm32f4xx_it.o
    0x08002ace   0x08002ace   0x00000030   Code   RO         2175    i.__ARM_fpclassify  m_wm.l(fpclassify.o)
    0x08002afe   0x08002afe   0x00000020   Code   RO         1620    i.__NVIC_SetPriority  stm32f4xx_hal_cortex.o
    0x08002b1e   0x08002b1e   0x00000002   PAD
    0x08002b20   0x08002b20   0x00000018   Code   RO          362    i.checkDirection    exti.o
    0x08002b38   0x08002b38   0x0000000c   Code   RO           17    i.fputc             main.o
    0x08002b44   0x08002b44   0x00000158   Code   RO           18    i.handlePacket      main.o
    0x08002c9c   0x08002c9c   0x000000b0   Code   RO           19    i.main              main.o
    0x08002d4c   0x08002d4c   0x00000018   Code   RO          318    i.uart2_write       uart2.o
    0x08002d64   0x08002d64   0x0000002c   Code   RO         2171    locale$$code        c_w.l(lc_numeric_c.o)
    0x08002d90   0x08002d90   0x00000150   Code   RO         2074    x$fpl$dadd          fz_wm.l(daddsub_clz.o)
    0x08002ee0   0x08002ee0   0x000002b0   Code   RO         2081    x$fpl$ddiv          fz_wm.l(ddiv.o)
    0x08003190   0x08003190   0x0000002e   Code   RO         2085    x$fpl$dflt          fz_wm.l(dflt_clz.o)
    0x080031be   0x080031be   0x00000002   PAD
    0x080031c0   0x080031c0   0x00000154   Code   RO         2090    x$fpl$dmul          fz_wm.l(dmul.o)
    0x08003314   0x08003314   0x0000009c   Code   RO         2108    x$fpl$dnaninf       fz_wm.l(dnaninf.o)
    0x080033b0   0x080033b0   0x0000000c   Code   RO         2110    x$fpl$dretinf       fz_wm.l(dretinf.o)
    0x080033bc   0x080033bc   0x000001d4   Code   RO         2076    x$fpl$dsub          fz_wm.l(daddsub_clz.o)
    0x08003590   0x08003590   0x0000000a   Code   RO         2253    x$fpl$fpinit        fz_wm.l(fpinit.o)
    0x0800359a   0x0800359a   0x00000004   Code   RO         2092    x$fpl$printf1       fz_wm.l(printf1.o)
    0x0800359e   0x0800359e   0x00000000   Code   RO         2112    x$fpl$usenofp       fz_wm.l(usenofp.o)
    0x0800359e   0x0800359e   0x00000008   Data   RO         1337    .constdata          stm32f4xx_hal_dma.o
    0x080035a6   0x080035a6   0x00000010   Data   RO         1997    .constdata          system_stm32f4xx.o
    0x080035b6   0x080035b6   0x00000008   Data   RO         1998    .constdata          system_stm32f4xx.o
    0x080035be   0x080035be   0x00000002   PAD
    0x080035c0   0x080035c0   0x00000094   Data   RO         2142    .constdata          c_w.l(bigflt0.o)
    0x08003654   0x08003654   0x00000042   Data   RO           22    .conststring        main.o
    0x08003696   0x08003696   0x00000002   PAD
    0x08003698   0x08003698   0x00000020   Data   RO         2324    Region$$Table       anon$$obj.o
    0x080036b8   0x080036b8   0x0000001c   Data   RO         2170    locale$$data        c_w.l(lc_numeric_c.o)


    Execution Region RW_IRAM1 (Exec base: 0x20000000, Load base: 0x080036d4, Size: 0x00000790, Max: 0x0001c000, ABSOLUTE)

    Exec Addr    Load Addr    Size         Type   Attr      Idx    E Section Name        Object

    0x20000000   0x080036d4   0x00000020   Data   RW           24    .data               main.o
    0x20000020   0x080036f4   0x00000008   Data   RW           26    .data               main.o
    0x20000028   0x080036fc   0x00000004   Data   RW           27    .data               main.o
    0x2000002c   0x08003700   0x00000004   Data   RW           28    .data               main.o
    0x20000030   0x08003704   0x0000000c   Data   RW         1764    .data               stm32f4xx_hal.o
    0x2000003c   0x08003710   0x00000004   Data   RW         1999    .data               system_stm32f4xx.o
    0x20000040        -       0x0000008f   Zero   RW           20    .bss                main.o
    0x200000cf   0x08003714   0x00000001   PAD
    0x200000d0        -       0x00000060   Zero   RW           21    .bss                main.o
    0x20000130        -       0x00000060   Zero   RW         2178    .bss                c_w.l(libspace.o)
    0x20000190        -       0x00000200   Zero   RW            2    HEAP                startup_stm32f407xx.o
    0x20000390        -       0x00000400   Zero   RW            1    STACK               startup_stm32f407xx.o


    Execution Region RW_IRAM2 (Exec base: 0x2001c000, Load base: 0x08003714, Size: 0x00000000, Max: 0x00004000, ABSOLUTE)

    **** No section assigned to this execution region ****


==============================================================================

Image component sizes


      Code (inc. data)   RO Data    RW Data    ZI Data      Debug   Object Name

       244         56          0          0          0      31957   exti.o
       780         94         66         48        239     664268   main.o
        64         26        392          0       1536        856   startup_stm32f407xx.o
       144         24          0         12          0       8857   stm32f4xx_hal.o
       198         14          0          0          0      34019   stm32f4xx_hal_cortex.o
       934         16          8          0          0       5695   stm32f4xx_hal_dma.o
       496         46          0          0          0       1556   stm32f4xx_hal_gpio.o
       228         24          0          0          0       1726   stm32f4xx_hal_msp.o
      1344         72          0          0          0       5312   stm32f4xx_hal_rcc.o
      1370         16          0          0          0       9332   stm32f4xx_hal_uart.o
        44         12          0          0          0       5244   stm32f4xx_it.o
        16          4         24          4          0       1163   system_stm32f4xx.o
        80         10          0          0          0        554   tim3config.o
       104         16          0          0          0      31155   tim4config.o
        24          6          0          0          0        478   uart2.o

    ----------------------------------------------------------------------
      6086        436        526         64       1776     802172   Object Totals
         0          0         32          0          0          0   (incl. Generated)
        16          0          4          0          1          0   (incl. Padding)

    ----------------------------------------------------------------------

      Code (inc. data)   RO Data    RW Data    ZI Data      Debug   Library Member Name

         8          0          0          0          0         68   __main.o
       184          0          0          0          0         84   __printf_ss.o
         0          0          0          0          0          0   __rtentry.o
        12          0          0          0          0          0   __rtentry2.o
         6          0          0          0          0          0   __rtentry4.o
        52          8          0          0          0          0   __scatter.o
        26          0          0          0          0          0   __scatter_copy.o
        28          0          0          0          0          0   __scatter_zi.o
        48          6          0          0          0         96   _printf_char_common.o
        36          4          0          0          0         80   _printf_char_file.o
         6          0          0          0          0          0   _printf_d.o
       120         16          0          0          0         92   _printf_dec.o
         6          0          0          0          0          0   _printf_f.o
      1054          0          0          0          0        216   _printf_fp_dec.o
       128         16          0          0          0         84   _printf_fp_infnan.o
       178          0          0          0          0         88   _printf_intcommon.o
         0          0          0          0          0          0   _printf_percent.o
         4          0          0          0          0          0   _printf_percent_end.o
         6          0          0          0          0          0   _printf_u.o
       228          4        148          0          0         96   bigflt0.o
      1936        128          0          0          0        672   btod.o
        18          0          0          0          0         80   exit.o
         8          0          0          0          0         68   ferror.o
         6          0          0          0          0        152   heapauxi.o
         0          0          0          0          0          0   indicate_semi.o
        44         10         28          0          0         76   lc_numeric_c.o
         2          0          0          0          0          0   libinit.o
        22          0          0          0          0          0   libinit2.o
         2          0          0          0          0          0   libshutdown.o
         2          0          0          0          0          0   libshutdown2.o
         8          4          0          0         96         68   libspace.o
       138          0          0          0          0         80   lludiv10.o
       238          0          0          0          0        100   lludivv7m.o
        24          4          0          0          0         84   noretval__2printf.o
         8          4          0          0          0         68   rt_locale_intlibspace.o
        78          0          0          0          0         80   rt_memclr_w.o
       138          0          0          0          0         68   rt_memcpy_v6.o
       100          0          0          0          0         80   rt_memcpy_w.o
         2          0          0          0          0          0   rtexit.o
        10          0          0          0          0          0   rtexit2.o
       128          0          0          0          0         68   strcmpv7m.o
        12          4          0          0          0         68   sys_exit.o
        74          0          0          0          0         80   sys_stackheap_outer.o
         2          0          0          0          0         68   use_no_semi.o
       804         16          0          0          0        368   daddsub_clz.o
       688        140          0          0          0        256   ddiv.o
        46          0          0          0          0        116   dflt_clz.o
       340         12          0          0          0        152   dmul.o
       156          4          0          0          0        140   dnaninf.o
        12          0          0          0          0        116   dretinf.o
        10          0          0          0          0        116   fpinit.o
         4          0          0          0          0        116   printf1.o
         0          0          0          0          0          0   usenofp.o
        48          0          0          0          0        124   fpclassify.o

    ----------------------------------------------------------------------
      7248        380        176          0         96       4368   Library Totals
        10          0          0          0          0          0   (incl. Padding)

    ----------------------------------------------------------------------

      Code (inc. data)   RO Data    RW Data    ZI Data      Debug   Library Name

      5130        208        176          0         96       2864   c_w.l
      2060        172          0          0          0       1380   fz_wm.l
        48          0          0          0          0        124   m_wm.l

    ----------------------------------------------------------------------
      7248        380        176          0         96       4368   Library Totals

    ----------------------------------------------------------------------

==============================================================================


      Code (inc. data)   RO Data    RW Data    ZI Data      Debug   

     13334        816        702         64       1872     798780   Grand Totals
     13334        816        702         64       1872     798780   ELF Image Totals
     13334        816        702         64          0          0   ROM Totals

==============================================================================

    Total RO  Size (Code + RO Data)                14036 (  13.71kB)
    Total RW  Size (RW Data + ZI Data)              1936 (   1.89kB)
    Total ROM Size (Code + RO Data + RW Data)      14100 (  13.77kB)

==============================================================================

